Last login: Wed Dec 11 08:16:33 on console
joyce@Joyces-MacBook-Pro ~ % cd wdi_sandbox 
joyce@Joyces-MacBook-Pro wdi_sandbox % cd assignment 
joyce@Joyces-MacBook-Pro assignment % cd assignment_2
joyce@Joyces-MacBook-Pro assignment_2 % ls  
style.css temp.html temp.js
joyce@Joyces-MacBook-Pro assignment_2 % cd ..
joyce@Joyces-MacBook-Pro assignment % git clone https://github.com/joycemap/temperature_converter.git
Cloning into 'temperature_converter'...
remote: Enumerating objects: 6, done.
remote: Counting objects: 100% (6/6), done.
remote: Compressing objects: 100% (6/6), done.
remote: Total 94 (delta 1), reused 2 (delta 0), pack-reused 88
Unpacking objects: 100% (94/94), done.
joyce@Joyces-MacBook-Pro assignment % ls 
assignment_1          assignment_2          temperature_converter
joyce@Joyces-MacBook-Pro assignment % cd temperature_converter 
joyce@Joyces-MacBook-Pro temperature_converter % ls 
index.html readme.md  script.js  style.css
joyce@Joyces-MacBook-Pro temperature_converter % git status
On branch master
Your branch is up to date with 'origin/master'.

nothing to commit, working tree clean
joyce@Joyces-MacBook-Pro temperature_converter % git status
On branch master
Your branch is up to date with 'origin/master'.

Changes not staged for commit:
  (use "git add/rm <file>..." to update what will be committed)
  (use "git checkout -- <file>..." to discard changes in working directory)

	deleted:    index.html
	deleted:    readme.md
	deleted:    script.js
	modified:   style.css

Untracked files:
  (use "git add <file>..." to include in what will be committed)

	.DS_Store
	temp.html
	temp.js

no changes added to commit (use "git add" and/or "git commit -a")
joyce@Joyces-MacBook-Pro temperature_converter % git add temp.html
joyce@Joyces-MacBook-Pro temperature_converter % git status
On branch master
Your branch is up to date with 'origin/master'.

Changes to be committed:
  (use "git reset HEAD <file>..." to unstage)

	new file:   temp.html

Changes not staged for commit:
  (use "git add/rm <file>..." to update what will be committed)
  (use "git checkout -- <file>..." to discard changes in working directory)

	deleted:    index.html
	deleted:    readme.md
	deleted:    script.js
	modified:   style.css

Untracked files:
  (use "git add <file>..." to include in what will be committed)

	.DS_Store
	temp.js

joyce@Joyces-MacBook-Pro temperature_converter % git add temp.js
joyce@Joyces-MacBook-Pro temperature_converter % git status
On branch master
Your branch is up to date with 'origin/master'.

Changes to be committed:
  (use "git reset HEAD <file>..." to unstage)

	new file:   temp.html
	new file:   temp.js

Changes not staged for commit:
  (use "git add/rm <file>..." to update what will be committed)
  (use "git checkout -- <file>..." to discard changes in working directory)

	deleted:    index.html
	deleted:    readme.md
	deleted:    script.js
	modified:   style.css

Untracked files:
  (use "git add <file>..." to include in what will be committed)

	.DS_Store

joyce@Joyces-MacBook-Pro temperature_converter % git commit
[master 2781dcb] Added Temp converter
 Committer: joycemap <joyce@Joyces-MacBook-Pro.local>
Your name and email address were configured automatically based
on your username and hostname. Please check that they are accurate.
You can suppress this message by setting them explicitly:

    git config --global user.name "Your Name"
    git config --global user.email you@example.com

After doing this, you may fix the identity used for this commit with:

    git commit --amend --reset-author

 2 files changed, 46 insertions(+)
 create mode 100644 temp.html
 create mode 100644 temp.js
joyce@Joyces-MacBook-Pro temperature_converter % git status
On branch master
Your branch is ahead of 'origin/master' by 1 commit.
  (use "git push" to publish your local commits)

Changes not staged for commit:
  (use "git add/rm <file>..." to update what will be committed)
  (use "git checkout -- <file>..." to discard changes in working directory)

	deleted:    index.html
	deleted:    readme.md
	deleted:    script.js
	modified:   style.css

Untracked files:
  (use "git add <file>..." to include in what will be committed)

	.DS_Store

no changes added to commit (use "git add" and/or "git commit -a")
joyce@Joyces-MacBook-Pro temperature_converter % git commit -a
[master 4a74e6d] Committed edits to temp converter
 Committer: joycemap <joyce@Joyces-MacBook-Pro.local>
Your name and email address were configured automatically based
on your username and hostname. Please check that they are accurate.
You can suppress this message by setting them explicitly:

    git config --global user.name "Your Name"
    git config --global user.email you@example.com

After doing this, you may fix the identity used for this commit with:

    git commit --amend --reset-author

 4 files changed, 9 insertions(+), 94 deletions(-)
 delete mode 100644 index.html
 delete mode 100644 readme.md
 delete mode 100644 script.js
joyce@Joyces-MacBook-Pro temperature_converter % git push -u origin master
Enumerating objects: 9, done.
Counting objects: 100% (9/9), done.
Delta compression using up to 4 threads
Compressing objects: 100% (7/7), done.
Writing objects: 100% (7/7), 1.42 KiB | 1.42 MiB/s, done.
Total 7 (delta 2), reused 0 (delta 0)
remote: Resolving deltas: 100% (2/2), completed with 2 local objects.
To https://github.com/joycemap/temperature_converter.git
   3a93e33..4a74e6d  master -> master
Branch 'master' set up to track remote branch 'master' from 'origin'.
joyce@Joyces-MacBook-Pro temperature_converter % git status
On branch master
Your branch is up to date with 'origin/master'.

Untracked files:
  (use "git add <file>..." to include in what will be committed)

	.DS_Store

nothing added to commit but untracked files present (use "git add" to track)
joyce@Joyces-MacBook-Pro temperature_converter % cd ~
joyce@Joyces-MacBook-Pro ~ % cd wdi_sandbox 
joyce@Joyces-MacBook-Pro wdi_sandbox % mkdir morning exercise 2
joyce@Joyces-MacBook-Pro wdi_sandbox % cd morning
joyce@Joyces-MacBook-Pro morning % git clone https://github.com/joycemap/command-line-murder-mystery.git
Cloning into 'command-line-murder-mystery'...
remote: Enumerating objects: 716, done.
remote: Total 716 (delta 0), reused 0 (delta 0), pack-reused 716
Receiving objects: 100% (716/716), 2.34 MiB | 1.40 MiB/s, done.
Resolving deltas: 100% (21/21), done.
joyce@Joyces-MacBook-Pro morning % cat instructions
cat: instructions: No such file or directory
joyce@Joyces-MacBook-Pro morning % cd command-line-murder-mystery 
joyce@Joyces-MacBook-Pro command-line-murder-mystery % cat instructions
.OOOOOOOOOOOOOOO @@                                   @@ OOOOOOOOOOOOOOOO.
OOOOOOOOOOOOOOOO @@                                    @@ OOOOOOOOOOOOOOOO
OOOOOOOOOO'''''' @@                                    @@ ```````OOOOOOOOO
OOOOO'' aaa@@@@@@@@@@@@@@@@@@@@"""                   """""""""@@aaaa `OOOO
OOOOO,""""@@@@@@@@@@@@@@""""                                     a@"" OOOA
OOOOOOOOOoooooo,                                            |OOoooooOOOOOS
OOOOOOOOOOOOOOOOo,                                          |OOOOOOOOOOOOC
OOOOOOOOOOOOOOOOOO                                         ,|OOOOOOOOOOOOI
OOOOOOOOOOOOOOOOOO @          THE                          |OOOOOOOOOOOOOI
OOOOOOOOOOOOOOOOO'@           COMMAND                      OOOOOOOOOOOOOOb
OOOOOOOOOOOOOOO'a'            LINE                         |OOOOOOOOOOOOOy
OOOOOOOOOOOOOO''              MURDERS                      aa`OOOOOOOOOOOP
OOOOOOOOOOOOOOb,..                                          `@aa``OOOOOOOh
OOOOOOOOOOOOOOOOOOo                                           `@@@aa OOOOo
OOOOOOOOOOOOOOOOOOO|                                             @@@ OOOOe
OOOOOOOOOOOOOOOOOOO@                               aaaaaaa       @@',OOOOn
OOOOOOOOOOOOOOOOOOO@                        aaa@@@@@@@@""        @@ OOOOOi
OOOOOOOOOO~~ aaaaaa"a                 aaa@@@@@@@@@@""            @@ OOOOOx
OOOOOO aaaa@"""""""" ""            @@@@@@@@@@@@""               @@@|`OOOO'
OOOOOOOo`@@a                  aa@@  @@@@@@@""         a@        @@@@ OOOO9
OOOOOOO'  `@@a               @@a@@   @@""           a@@   a     |@@@ OOOO3
`OOOO'       `@    aa@@       aaa"""          @a        a@     a@@@',OOOO'


There's been a murder in Terminal City, and TCPD needs your help.

To figure out whodunit, go to the 'mystery' subdirectory and start working from there.

You'll want to start by collecting all the clues at the crime scene (the 'crimescene' file).

The officers on the scene are pretty meticulous, so they've written down EVERYTHING in their officer reports.

Fortunately the sergeant went through and marked the real clues with the word "CLUE" in all caps.

If you get stuck, open one of the hint files (from the CL, type 'cat hint1', 'cat hint2', etc.).

To find out the solution, open the file 'solution' (from the CL, type 'cat solution').

To get started on how to use the command line, open cheatsheet.md or cheatsheet.pdf (from the command line, you can type 'nano cheatsheet.md').

Don't use a text editor to view any files except these instructions, the cheatsheet, and hints.%                                                                jojojojojojojojojojojojojoycjojojoycjojojoycjojojojojojojoycjoycjojojojoyce@Joyces-MacBook-Pro command-line-murder-mystery % touch solution
joyce@Joyces-MacBook-Pro command-line-murder-mystery % cat hint1
Try poking around what's in a file by using the 'head' command:

  head -n 20 people

This will show you the first 20 lines of the 'people' file.%                                                       joyce@Joyces-MacBook-Pro command-line-murder-mystery % head -n 20 people
head: people: No such file or directory
joyce@Joyces-MacBook-Pro command-line-murder-mystery % cd mystery 
joyce@Joyces-MacBook-Pro mystery % head -n 20 people
***************
To go to the street someone lives on, use the file
for that street name in the 'streets' subdirectory.
To knock on their door and investigate, read the line number
they live on from the file.  If a line looks like gibberish, you're at the wrong house.
***************

NAME	GENDER	AGE	ADDRESS
Alicia Fuentes	F	48	Walton Street, line 433
Jo-Ting Losev	F	46	Hemenway Street, line 390
Elena Edmonds	F	58	Elmwood Avenue, line 123
Naydene Cabral	F	46	Winthrop Street, line 454
Dato Rosengren	M	22	Mystic Street, line 477
Fernanda Serrano	F	37	Redlands Road, line 392
Emiliano Wenk	M	90	Paulding Street, line 490
Larry Lapin	M	71	Atwill Road, line 298
Jakub Gondos	M	61	Mitchell Street, line 187
Derek Kazanin	M	55	Tennis Road, line 440
Jens Tuimalealiifano	M	83	Rockwood Street, line 205
Nikola Kadhi	M	75	Glenville Avenue, line 226
joyce@Joyces-MacBook-Pro mystery % cat solution
cat: solution: No such file or directory
joyce@Joyces-MacBook-Pro mystery % cat hint2
cat: hint2: No such file or directory
joyce@Joyces-MacBook-Pro mystery % cd .
joyce@Joyces-MacBook-Pro mystery % cd ..
joyce@Joyces-MacBook-Pro command-line-murder-mystery % cat hint2
Try using grep to search for the clues in the crimescene file:

	grep "CLUE" crimescene%                                                                                    joyce@Joyces-MacBook-Pro command-line-murder-mystery % cd mystery 
joyce@Joyces-MacBook-Pro mystery % grep "CLUE" crimescene%
grep: crimescene%: No such file or directory
joyce@Joyces-MacBook-Pro mystery % grep "clue" crimescene
joyce@Joyces-MacBook-Pro mystery % cat hint3
cat: hint3: No such file or directory
joyce@Joyces-MacBook-Pro mystery % cd ..
joyce@Joyces-MacBook-Pro command-line-murder-mystery % cat hint3
In order to track down our potential witness, we need to figure out where she lives.

Try using 'head' on some of the files like 'people' and 'vehicles' and see where we might find that.%              joyce@Joyces-MacBook-Pro command-line-murder-mystery % head -n 20 vehicles
head: vehicles: No such file or directory
joyce@Joyces-MacBook-Pro command-line-murder-mystery % cd mystery 
joyce@Joyces-MacBook-Pro mystery % head -n 20 vehicles
***************
Vehicle and owner information from the Terminal City Department of Motor Vehicles
***************

License Plate T3YUHF6
Make: Toyota
Color: Yellow
Owner: Jianbo Megannem
Height: 5'6"
Weight: 246 lbs

License Plate EZ21ECE
Make: BMW
Color: Gold
Owner: Norbert Feldwehr
Height: 5'3"
Weight: 205 lbs

License Plate CQN2TJE
Make: Mazda
joyce@Joyces-MacBook-Pro mystery % cd ..
joyce@Joyces-MacBook-Pro command-line-murder-mystery % cat hint4
To find all the Annabels' addresses, use the 'people' file:

	grep "Annabel" people

Notice that not all of the results are worth investigating.  Remember what we know about Annabel.%                 joyce@Joyces-MacBook-Pro command-line-murder-mystery % cd mystery 
joyce@Joyces-MacBook-Pro mystery % grep "Annabel" people
Annabel Sun	F	26	Hart Place, line 40
Oluwasegun Annabel	M	37	Mattapan Street, line 173
Annabel Church	F	38	Buckingham Place, line 179
Annabel Fuglsang	M	40	Haley Street, line 176
joyce@Joyces-MacBook-Pro mystery % grep "clue" crimescene
joyce@Joyces-MacBook-Pro mystery % grep "CLUE" crimescene
CLUE: Footage from an ATM security camera is blurry but shows that the perpetrator is a tall male, at least 6'.
CLUE: Found a wallet believed to belong to the killer: no ID, just loose change, and membership cards for AAA, Delta SkyMiles, the local library, and the Museum of Bash History. The cards are totally untraceable and have no name, for some reason.
CLUE: Questioned the barista at the local coffee shop. He said a woman left right before they heard the shots. The name on her latte was Annabel, she had blond spiky hair and a New Zealand accent.
joyce@Joyces-MacBook-Pro mystery % cd ..
joyce@Joyces-MacBook-Pro command-line-murder-mystery % cat hint5
"Interview" the two possible witnesses by reading the correct line from the streets they live on:

	head -n 173 streets/Mattapan_Street | tail -n 1

This will give you just line 173 of Mattapan street, because it will take first 173 lines, and then take
the last line from those.%                                                                                         joyce@Joyces-MacBook-Pro command-line-murder-mystery % cd mystery 
joyce@Joyces-MacBook-Pro mystery % cd streets
joyce@Joyces-MacBook-Pro streets % ls -la
total 7104
drwxr-xr-x  224 joyce  staff   7168 Dec 11 09:04 .
drwxr-xr-x    8 joyce  staff    256 Dec 11 09:04 ..
-rw-r--r--    1 joyce  staff  14320 Dec 11 09:04 Abbot_Street
-rw-r--r--    1 joyce  staff  14325 Dec 11 09:04 Acton_Street
-rw-r--r--    1 joyce  staff  14394 Dec 11 09:04 Addington_Road
-rw-r--r--    1 joyce  staff  14235 Dec 11 09:04 Alaric_Street
-rw-r--r--    1 joyce  staff  14253 Dec 11 09:04 Albany_Street
-rw-r--r--    1 joyce  staff  14488 Dec 11 09:04 Aldworth_Street
-rw-r--r--    1 joyce  staff  14121 Dec 11 09:04 Alpine_Street
-rw-r--r--    1 joyce  staff  14012 Dec 11 09:04 Andover_Road
-rw-r--r--    1 joyce  staff  14299 Dec 11 09:04 Ansonia_Road
-rw-r--r--    1 joyce  staff  14339 Dec 11 09:04 Appleton_Road
-rw-r--r--    1 joyce  staff  14242 Dec 11 09:04 Aramon_Street
-rw-r--r--    1 joyce  staff  14176 Dec 11 09:04 Arcola_Street
-rw-r--r--    1 joyce  staff  14506 Dec 11 09:04 Atwood_Road
-rw-r--r--    1 joyce  staff  14188 Dec 11 09:04 Auriga_Street
-rw-r--r--    1 joyce  staff  14386 Dec 11 09:04 Avalon_Road
-rw-r--r--    1 joyce  staff  14174 Dec 11 09:04 B_Street
-rw-r--r--    1 joyce  staff  14198 Dec 11 09:04 Ballard_Street
-rw-r--r--    1 joyce  staff  14097 Dec 11 09:04 Balmoral_Park
-rw-r--r--    1 joyce  staff  14313 Dec 11 09:04 Bartlett_Avenue
-rw-r--r--    1 joyce  staff  14270 Dec 11 09:04 Bellevue_Avenue
-rw-r--r--    1 joyce  staff  14374 Dec 11 09:04 Bertson_Avenue
-rw-r--r--    1 joyce  staff  14339 Dec 11 09:04 Bicknell_Street
-rw-r--r--    1 joyce  staff  14057 Dec 11 09:04 Blue_Hill_Avenue
-rw-r--r--    1 joyce  staff  14359 Dec 11 09:04 Bobolink_Street
-rw-r--r--    1 joyce  staff  13883 Dec 11 09:04 Boston_Street
-rw-r--r--    1 joyce  staff  14330 Dec 11 09:04 Bothwell_Road
-rw-r--r--    1 joyce  staff  14321 Dec 11 09:04 Bournedale_Road
-rw-r--r--    1 joyce  staff  14340 Dec 11 09:04 Boynton_Street
-rw-r--r--    1 joyce  staff  14409 Dec 11 09:04 Brinton_Street
-rw-r--r--    1 joyce  staff  14204 Dec 11 09:04 Bristol_Street
-rw-r--r--    1 joyce  staff  14098 Dec 11 09:04 Broad_Canal_Street
-rw-r--r--    1 joyce  staff  14334 Dec 11 09:04 Brookdale_Street
-rw-r--r--    1 joyce  staff  14149 Dec 11 09:04 Brookline_Avenue
-rw-r--r--    1 joyce  staff  14363 Dec 11 09:04 Buckingham_Place
-rw-r--r--    1 joyce  staff  14057 Dec 11 09:04 Burwell_Road
-rw-r--r--    1 joyce  staff  14101 Dec 11 09:04 Cadbury_Road
-rw-r--r--    1 joyce  staff  14194 Dec 11 09:04 Cardinal_Medeiros_Avenue
-rw-r--r--    1 joyce  staff  14349 Dec 11 09:04 Cardington_Street
-rw-r--r--    1 joyce  staff  14277 Dec 11 09:04 Causeway_Street
-rw-r--r--    1 joyce  staff  14174 Dec 11 09:04 Cerdan_Avenue
-rw-r--r--    1 joyce  staff  14236 Dec 11 09:04 Channel_Center_Street
-rw-r--r--    1 joyce  staff  14352 Dec 11 09:04 Cheverus_Road
-rw-r--r--    1 joyce  staff  14309 Dec 11 09:04 Claremont_Park
-rw-r--r--    1 joyce  staff  13898 Dec 11 09:04 Clay_Street
-rw-r--r--    1 joyce  staff  13878 Dec 11 09:04 Claybourne_Street
-rw-r--r--    1 joyce  staff  14419 Dec 11 09:04 Clipper_Ship_Lane
-rw-r--r--    1 joyce  staff  14411 Dec 11 09:04 Cook_Street
-rw-r--r--    1 joyce  staff  14322 Dec 11 09:04 Cornelia_Street
-rw-r--r--    1 joyce  staff  14419 Dec 11 09:04 Corwin_Street
-rw-r--r--    1 joyce  staff  14425 Dec 11 09:04 Culbert_Street
-rw-r--r--    1 joyce  staff  14281 Dec 11 09:04 Dacia_Street
-rw-r--r--    1 joyce  staff  14436 Dec 11 09:04 Dalton_Street
-rw-r--r--    1 joyce  staff  14389 Dec 11 09:04 Dana_Avenue
-rw-r--r--    1 joyce  staff  13951 Dec 11 09:04 Davenport_Street
-rw-r--r--    1 joyce  staff  14446 Dec 11 09:04 Devine_Way
-rw-r--r--    1 joyce  staff  14513 Dec 11 09:04 Dewar_Street
-rw-r--r--    1 joyce  staff  14127 Dec 11 09:04 Doane_Street
-rw-r--r--    1 joyce  staff  14027 Dec 11 09:04 Dock_Street
-rw-r--r--    1 joyce  staff  14366 Dec 11 09:04 Dorrance_Street
-rw-r--r--    1 joyce  staff  14212 Dec 11 09:04 Dover_Street
-rw-r--r--    1 joyce  staff  14287 Dec 11 09:04 Dresser_Street
-rw-r--r--    1 joyce  staff  14163 Dec 11 09:04 Drumlin_Road
-rw-r--r--    1 joyce  staff  14241 Dec 11 09:04 Dunstable_Road
-rw-r--r--    1 joyce  staff  14142 Dec 11 09:04 Elmore_Street
-rw-r--r--    1 joyce  staff  14343 Dec 11 09:04 Embassy_Road
-rw-r--r--    1 joyce  staff  14259 Dec 11 09:04 Enterprise_Street
-rw-r--r--    1 joyce  staff  14154 Dec 11 09:04 Esther_Road
-rw-r--r--    1 joyce  staff  14488 Dec 11 09:04 Estrella_Street
-rw-r--r--    1 joyce  staff  14384 Dec 11 09:04 Eugenia_Road
-rw-r--r--    1 joyce  staff  14432 Dec 11 09:04 Fairfield_Street
-rw-r--r--    1 joyce  staff  14382 Dec 11 09:04 Faunce_Road
-rw-r--r--    1 joyce  staff  14375 Dec 11 09:04 Fay_Street
-rw-r--r--    1 joyce  staff  14470 Dec 11 09:04 Fayston_Street
-rw-r--r--    1 joyce  staff  14097 Dec 11 09:04 Fessenden_Street
-rw-r--r--    1 joyce  staff  14125 Dec 11 09:04 Forestvale_Road
-rw-r--r--    1 joyce  staff  14093 Dec 11 09:04 Foundry_Street
-rw-r--r--    1 joyce  staff  14153 Dec 11 09:04 Fowler_Street
-rw-r--r--    1 joyce  staff  14289 Dec 11 09:04 Frontage_Road
-rw-r--r--    1 joyce  staff  14372 Dec 11 09:04 Gerard_Street
-rw-r--r--    1 joyce  staff  13975 Dec 11 09:04 Gillespies_Lane
-rw-r--r--    1 joyce  staff  14430 Dec 11 09:04 Glenville_Avenue
-rw-r--r--    1 joyce  staff  14252 Dec 11 09:04 Glenwood_Avenue
-rw-r--r--    1 joyce  staff  13878 Dec 11 09:04 Grampian_Way
-rw-r--r--    1 joyce  staff  14222 Dec 11 09:04 Granby_Street
-rw-r--r--    1 joyce  staff  14501 Dec 11 09:04 Gray_Gardens_East
-rw-r--r--    1 joyce  staff  14191 Dec 11 09:04 Greendale_Road
-rw-r--r--    1 joyce  staff  14316 Dec 11 09:04 Gretter_Road
-rw-r--r--    1 joyce  staff  14101 Dec 11 09:04 Groveland_Street
-rw-r--r--    1 joyce  staff  14216 Dec 11 09:04 Hadassah_Way
-rw-r--r--    1 joyce  staff  14144 Dec 11 09:04 Haley_Street
-rw-r--r--    1 joyce  staff  14624 Dec 11 09:04 Harbor_Point_Boulevard
-rw-r--r--    1 joyce  staff  14301 Dec 11 09:04 Harding_Road
-rw-r--r--    1 joyce  staff  13998 Dec 11 09:04 Hart_Place
-rw-r--r--    1 joyce  staff  14491 Dec 11 09:04 Hazel_Street
-rw-r--r--    1 joyce  staff  14107 Dec 11 09:04 Hazelton_Street
-rw-r--r--    1 joyce  staff  14210 Dec 11 09:04 High_Road
-rw-r--r--    1 joyce  staff  14188 Dec 11 09:04 High_View_Avenue
-rw-r--r--    1 joyce  staff  14321 Dec 11 09:04 Hobart_Street
-rw-r--r--    1 joyce  staff  14093 Dec 11 09:04 Hollander_Street
-rw-r--r--    1 joyce  staff  14408 Dec 11 09:04 Hooten_Court
-rw-r--r--    1 joyce  staff  14458 Dec 11 09:04 Hopedale_Street
-rw-r--r--    1 joyce  staff  14155 Dec 11 09:04 Hull_Street
-rw-r--r--    1 joyce  staff  14185 Dec 11 09:04 Island_View_Place
-rw-r--r--    1 joyce  staff  14265 Dec 11 09:04 Jacob_Street
-rw-r--r--    1 joyce  staff  14090 Dec 11 09:04 Jacqueline_Road
-rw-r--r--    1 joyce  staff  14308 Dec 11 09:04 Jamaica_Place
-rw-r--r--    1 joyce  staff  14476 Dec 11 09:04 Jersey_Street
-rw-r--r--    1 joyce  staff  14295 Dec 11 09:04 Jeshurun_Street
-rw-r--r--    1 joyce  staff  14281 Dec 11 09:04 John_Alden_Road
-rw-r--r--    1 joyce  staff  14448 Dec 11 09:04 Judge_Street
-rw-r--r--    1 joyce  staff  14027 Dec 11 09:04 June_Street
-rw-r--r--    1 joyce  staff  14279 Dec 11 09:04 Kearsarge_Avenue
-rw-r--r--    1 joyce  staff  14284 Dec 11 09:04 King_Place
-rw-r--r--    1 joyce  staff  14313 Dec 11 09:04 Kinross_Road
-rw-r--r--    1 joyce  staff  14154 Dec 11 09:04 Knoll_Street
-rw-r--r--    1 joyce  staff  14312 Dec 11 09:04 Laban_Pratt_Road
-rw-r--r--    1 joyce  staff  14156 Dec 11 09:04 Leseur_Road
-rw-r--r--    1 joyce  staff  14327 Dec 11 09:04 Lineham_Court
-rw-r--r--    1 joyce  staff  14290 Dec 11 09:04 Lovis_Street
-rw-r--r--    1 joyce  staff  14411 Dec 11 09:04 Lynde_Street
-rw-r--r--    1 joyce  staff  14399 Dec 11 09:04 Lynn_Street
-rw-r--r--    1 joyce  staff  14567 Dec 11 09:04 Mamelon_Circle
-rw-r--r--    1 joyce  staff  14135 Dec 11 09:04 Manila_Avenue
-rw-r--r--    1 joyce  staff  14361 Dec 11 09:04 Manton_Terrace
-rw-r--r--    1 joyce  staff  14336 Dec 11 09:04 Marney_Street
-rw-r--r--    1 joyce  staff  14232 Dec 11 09:04 Mattapan_Street
-rw-r--r--    1 joyce  staff  14139 Dec 11 09:04 May_Street
-rw-r--r--    1 joyce  staff  14347 Dec 11 09:04 Meadowview_Road
-rw-r--r--    1 joyce  staff  14347 Dec 11 09:04 Merola_Park
-rw-r--r--    1 joyce  staff  14134 Dec 11 09:04 Michigan_Avenue
-rw-r--r--    1 joyce  staff  14240 Dec 11 09:04 Miles_Street
-rw-r--r--    1 joyce  staff  14594 Dec 11 09:04 Moloney_Street
-rw-r--r--    1 joyce  staff  14264 Dec 11 09:04 Mount_Ash_Road
-rw-r--r--    1 joyce  staff  14334 Dec 11 09:04 Mount_Ida_Road
-rw-r--r--    1 joyce  staff  14410 Dec 11 09:04 Mountain_Avenue
-rw-r--r--    1 joyce  staff  14275 Dec 11 09:04 Mozart_Street
-rw-r--r--    1 joyce  staff  14408 Dec 11 09:04 Myles_Standish_Road
-rw-r--r--    1 joyce  staff  14309 Dec 11 09:04 Mystic_Street
-rw-r--r--    1 joyce  staff  14249 Dec 11 09:04 Nazing_Street
-rw-r--r--    1 joyce  staff  14399 Dec 11 09:04 New_Minton_Street
-rw-r--r--    1 joyce  staff  14403 Dec 11 09:04 New_Park_Avenue
-rw-r--r--    1 joyce  staff  14154 Dec 11 09:04 Newcastle_Road
-rw-r--r--    1 joyce  staff  14403 Dec 11 09:04 Newcroft_Circle
-rw-r--r--    1 joyce  staff  14186 Dec 11 09:04 North_Washington_Street
-rw-r--r--    1 joyce  staff  14562 Dec 11 09:04 Norton_Street
-rw-r--r--    1 joyce  staff  13843 Dec 11 09:04 Oak_Hill_Avenue
-rw-r--r--    1 joyce  staff  14121 Dec 11 09:04 Oak_Place
-rw-r--r--    1 joyce  staff  14381 Dec 11 09:04 Oakley_Street
-rw-r--r--    1 joyce  staff  14333 Dec 11 09:04 Oliva_Road
-rw-r--r--    1 joyce  staff  14204 Dec 11 09:04 Orchard_Road
-rw-r--r--    1 joyce  staff  14223 Dec 11 09:04 Paragon_Road
-rw-r--r--    1 joyce  staff  14204 Dec 11 09:04 Peacock_Lane
-rw-r--r--    1 joyce  staff  14290 Dec 11 09:04 Peter_Parley_Road
-rw-r--r--    1 joyce  staff  14311 Dec 11 09:04 Pinewood_Street
-rw-r--r--    1 joyce  staff  14071 Dec 11 09:04 Plain_Street
-rw-r--r--    1 joyce  staff  14286 Dec 11 09:04 Plainfield_Street
-rw-r--r--    1 joyce  staff  14225 Dec 11 09:04 Potosi_Street
-rw-r--r--    1 joyce  staff  14513 Dec 11 09:04 Priscilla_Road
-rw-r--r--    1 joyce  staff  14343 Dec 11 09:04 Proctor_Street
-rw-r--r--    1 joyce  staff  14651 Dec 11 09:04 Quarley_Road
-rw-r--r--    1 joyce  staff  14188 Dec 11 09:04 Randlett_Place
-rw-r--r--    1 joyce  staff  14320 Dec 11 09:04 Rena_Street
-rw-r--r--    1 joyce  staff  14245 Dec 11 09:04 Renfrew_Street
-rw-r--r--    1 joyce  staff  14318 Dec 11 09:04 Richard_Avenue
-rw-r--r--    1 joyce  staff  14473 Dec 11 09:04 Richardson_Street
-rw-r--r--    1 joyce  staff  14258 Dec 11 09:04 Richmond_Street
-rw-r--r--    1 joyce  staff  14211 Dec 11 09:04 River_Street
-rw-r--r--    1 joyce  staff  14322 Dec 11 09:04 Rivermoor_Street
-rw-r--r--    1 joyce  staff  14254 Dec 11 09:04 Rockmere_Street
-rw-r--r--    1 joyce  staff  13957 Dec 11 09:04 Rosaria_Street
-rw-r--r--    1 joyce  staff  14159 Dec 11 09:04 Rowe_Street
-rw-r--r--    1 joyce  staff  14401 Dec 11 09:04 Rozella_Street
-rw-r--r--    1 joyce  staff  14562 Dec 11 09:04 Saco_Street
-rw-r--r--    1 joyce  staff  14246 Dec 11 09:04 Saint_Saveur_Court
-rw-r--r--    1 joyce  staff  14059 Dec 11 09:04 Salutation_Street
-rw-r--r--    1 joyce  staff  14384 Dec 11 09:04 Sammett_Avenue
-rw-r--r--    1 joyce  staff  14402 Dec 11 09:04 Saunders_Street
-rw-r--r--    1 joyce  staff  14447 Dec 11 09:04 Scotia_Street
-rw-r--r--    1 joyce  staff  14372 Dec 11 09:04 Searle_Road
-rw-r--r--    1 joyce  staff  14046 Dec 11 09:04 Selwyn_Street
-rw-r--r--    1 joyce  staff  14359 Dec 11 09:04 Senders_Court
-rw-r--r--    1 joyce  staff  14425 Dec 11 09:04 Sheldon_Street
-rw-r--r--    1 joyce  staff  14396 Dec 11 09:04 Silver_Street
-rw-r--r--    1 joyce  staff  14584 Dec 11 09:04 Sparrow_Street
-rw-r--r--    1 joyce  staff  14213 Dec 11 09:04 Spaulding_Street
-rw-r--r--    1 joyce  staff  14267 Dec 11 09:04 Standard_Street
-rw-r--r--    1 joyce  staff  14150 Dec 11 09:04 Staniford_Street
-rw-r--r--    1 joyce  staff  14476 Dec 11 09:04 Story_Street
-rw-r--r--    1 joyce  staff  14105 Dec 11 09:04 Supple_Road
-rw-r--r--    1 joyce  staff  14153 Dec 11 09:04 Taunton_Avenue
-rw-r--r--    1 joyce  staff  14305 Dec 11 09:04 Tennyson_Street
-rw-r--r--    1 joyce  staff  14110 Dec 11 09:04 Terrace_Place
-rw-r--r--    1 joyce  staff  14217 Dec 11 09:04 Theodore_Street
-rw-r--r--    1 joyce  staff  14264 Dec 11 09:04 Tolman_Street
-rw-r--r--    1 joyce  staff  13895 Dec 11 09:04 Topeka_Street
-rw-r--r--    1 joyce  staff  14045 Dec 11 09:04 Trapelo_Street
-rw-r--r--    1 joyce  staff  14178 Dec 11 09:04 Trident_Street
-rw-r--r--    1 joyce  staff  14424 Dec 11 09:04 Trinity_Place
-rw-r--r--    1 joyce  staff  13956 Dec 11 09:04 Unity_Court
-rw-r--r--    1 joyce  staff  14169 Dec 11 09:04 Vassal_Lane
-rw-r--r--    1 joyce  staff  14463 Dec 11 09:04 Victory_Road
-rw-r--r--    1 joyce  staff  14219 Dec 11 09:04 Vinton_Street
-rw-r--r--    1 joyce  staff  14700 Dec 11 09:04 Vista_Street
-rw-r--r--    1 joyce  staff  14336 Dec 11 09:04 Waldeck_Street
-rw-r--r--    1 joyce  staff  14294 Dec 11 09:04 Wallingford_Road
-rw-r--r--    1 joyce  staff  14179 Dec 11 09:04 Warren_Avenue
-rw-r--r--    1 joyce  staff  14186 Dec 11 09:04 Wentworth_Street
-rw-r--r--    1 joyce  staff  14479 Dec 11 09:04 Wesley_Place
-rw-r--r--    1 joyce  staff  14543 Dec 11 09:04 Wheatland_Avenue
-rw-r--r--    1 joyce  staff  14011 Dec 11 09:04 Wiget_Street
-rw-r--r--    1 joyce  staff  14113 Dec 11 09:04 Wiggin_Street
-rw-r--r--    1 joyce  staff  14302 Dec 11 09:04 Wilcox_Road
-rw-r--r--    1 joyce  staff  14235 Dec 11 09:04 Wilkinson_Park
-rw-r--r--    1 joyce  staff  14393 Dec 11 09:04 Willet_Street
-rw-r--r--    1 joyce  staff  14276 Dec 11 09:04 Williston_Road
-rw-r--r--    1 joyce  staff  14389 Dec 11 09:04 Willowdean_Avenue
-rw-r--r--    1 joyce  staff  14561 Dec 11 09:04 Wilmington_Avenue
-rw-r--r--    1 joyce  staff  14223 Dec 11 09:04 Winter_Street
-rw-r--r--    1 joyce  staff  14388 Dec 11 09:04 Woodcliff_Street
-rw-r--r--    1 joyce  staff  14515 Dec 11 09:04 Wooddale_Avenue
-rw-r--r--    1 joyce  staff  14336 Dec 11 09:04 Worrell_Street
-rw-r--r--    1 joyce  staff  14365 Dec 11 09:04 Wycliff_Avenue
joyce@Joyces-MacBook-Pro streets %      head -n 173 streets/Mattapan_Street | tail -n 1


head: streets/Mattapan_Street: No such file or directory
joyce@Joyces-MacBook-Pro streets % cd ..
joyce@Joyces-MacBook-Pro mystery % head -n 173 streets/Mattapan_Street | tail -n 1
SEE INTERVIEW #9437737
joyce@Joyces-MacBook-Pro mystery % cd ..   
joyce@Joyces-MacBook-Pro command-line-murder-mystery % cat hint5
"Interview" the two possible witnesses by reading the correct line from the streets they live on:

	head -n 173 streets/Mattapan_Street | tail -n 1

This will give you just line 173 of Mattapan street, because it will take first 173 lines, and then take
the last line from those.%                                                                                         joyce@Joyces-MacBook-Pro command-line-murder-mystery % cat hint6
To find a matching license plate, or a matching car, you can use grep on the 'vehicles' file:

	grep "Honda" vehicles

	grep "Blue" vehicles

	grep "L337" vehicles

This doesn't give us anything useful - why not? Try using 'head' on the file to investigate its structure.%        joyce@Joyces-MacBook-Pro command-line-murder-mystery % grep "Honda" vehicles
grep: vehicles: No such file or directory
joyce@Joyces-MacBook-Pro command-line-murder-mystery % cd mystery 
joyce@Joyces-MacBook-Pro mystery % grep "Honda" vehicles
Make: Honda
Make: Honda
Make: Honda
Make: Honda
Make: Honda
Make: Honda
Make: Honda
Make: Honda
Make: Honda
Make: Honda
Make: Honda
Make: Honda
Make: Honda
Make: Honda
Make: Honda
Make: Honda
Make: Honda
Make: Honda
Make: Honda
Make: Honda
Make: Honda
Make: Honda
Make: Honda
Make: Honda
Make: Honda
Make: Honda
Make: Honda
Make: Honda
Make: Honda
Make: Honda
Make: Honda
Make: Honda
Make: Honda
Make: Honda
Make: Honda
Make: Honda
Make: Honda
Make: Honda
Make: Honda
Make: Honda
Make: Honda
Make: Honda
Make: Honda
Make: Honda
Make: Honda
Make: Honda
Make: Honda
Make: Honda
Make: Honda
Make: Honda
Make: Honda
Make: Honda
Make: Honda
Make: Honda
Make: Honda
Make: Honda
Make: Honda
Make: Honda
Make: Honda
Make: Honda
Make: Honda
Make: Honda
Make: Honda
Make: Honda
Make: Honda
Make: Honda
Make: Honda
Make: Honda
Make: Honda
Make: Honda
Make: Honda
Make: Honda
Make: Honda
Make: Honda
Make: Honda
Make: Honda
Make: Honda
Make: Honda
Make: Honda
Make: Honda
Make: Honda
Make: Honda
Make: Honda
Make: Honda
Make: Honda
Make: Honda
Make: Honda
Make: Honda
Make: Honda
Make: Honda
Make: Honda
Make: Honda
Make: Honda
Make: Honda
Make: Honda
Make: Honda
Make: Honda
Make: Honda
Make: Honda
Make: Honda
Make: Honda
Make: Honda
Make: Honda
Make: Honda
Make: Honda
Make: Honda
Make: Honda
Make: Honda
Make: Honda
Make: Honda
Make: Honda
Make: Honda
Make: Honda
Make: Honda
Make: Honda
Make: Honda
Make: Honda
Make: Honda
Make: Honda
Make: Honda
Make: Honda
Make: Honda
Make: Honda
Make: Honda
Make: Honda
Make: Honda
Make: Honda
Make: Honda
Make: Honda
Make: Honda
Make: Honda
Make: Honda
Make: Honda
Make: Honda
Make: Honda
Make: Honda
Make: Honda
Make: Honda
Make: Honda
Make: Honda
Make: Honda
Make: Honda
Make: Honda
Make: Honda
Make: Honda
Make: Honda
Make: Honda
Make: Honda
Make: Honda
Make: Honda
Make: Honda
Make: Honda
Make: Honda
Make: Honda
Make: Honda
Make: Honda
Make: Honda
Make: Honda
Make: Honda
Make: Honda
Make: Honda
Make: Honda
Make: Honda
Make: Honda
Make: Honda
Make: Honda
Make: Honda
Make: Honda
Make: Honda
Make: Honda
Make: Honda
Make: Honda
Make: Honda
Make: Honda
Make: Honda
Make: Honda
Make: Honda
Make: Honda
Make: Honda
Make: Honda
Make: Honda
Make: Honda
Make: Honda
Make: Honda
Make: Honda
Make: Honda
Make: Honda
Make: Honda
Make: Honda
Make: Honda
Make: Honda
Make: Honda
Make: Honda
Make: Honda
Make: Honda
Make: Honda
Make: Honda
Make: Honda
Make: Honda
Make: Honda
Make: Honda
Make: Honda
Make: Honda
Make: Honda
Make: Honda
Make: Honda
Make: Honda
Make: Honda
Make: Honda
Make: Honda
Make: Honda
Make: Honda
Make: Honda
Make: Honda
Make: Honda
Make: Honda
Make: Honda
Make: Honda
Make: Honda
Make: Honda
Make: Honda
Make: Honda
Make: Honda
Make: Honda
Make: Honda
Make: Honda
Make: Honda
Make: Honda
Make: Honda
Make: Honda
Make: Honda
Make: Honda
Make: Honda
Make: Honda
Make: Honda
Make: Honda
Make: Honda
Make: Honda
Make: Honda
Make: Honda
Make: Honda
Make: Honda
Make: Honda
Make: Honda
Make: Honda
Make: Honda
Make: Honda
Make: Honda
Make: Honda
Make: Honda
Make: Honda
Make: Honda
Make: Honda
Make: Honda
Make: Honda
Make: Honda
Make: Honda
Make: Honda
Make: Honda
Make: Honda
Make: Honda
Make: Honda
Make: Honda
Make: Honda
Make: Honda
Make: Honda
Make: Honda
Make: Honda
Make: Honda
Make: Honda
Make: Honda
Make: Honda
Make: Honda
Make: Honda
Make: Honda
Make: Honda
Make: Honda
Make: Honda
Make: Honda
Make: Honda
Make: Honda
Make: Honda
Make: Honda
Make: Honda
Make: Honda
Make: Honda
Make: Honda
Make: Honda
Make: Honda
Make: Honda
Make: Honda
Make: Honda
Make: Honda
Make: Honda
Make: Honda
Make: Honda
Make: Honda
Make: Honda
Make: Honda
Make: Honda
Make: Honda
Make: Honda
Make: Honda
Make: Honda
Make: Honda
Make: Honda
Make: Honda
Make: Honda
Make: Honda
Make: Honda
Make: Honda
Make: Honda
Make: Honda
Make: Honda
Make: Honda
Make: Honda
Make: Honda
Make: Honda
Make: Honda
Make: Honda
Make: Honda
Make: Honda
Make: Honda
Make: Honda
Make: Honda
Make: Honda
Make: Honda
joyce@Joyces-MacBook-Pro mystery % grep "L337" vehicles
License Plate L337ZR9
License Plate L337P89
License Plate L337GX9
License Plate L337QE9
License Plate L337GB9
License Plate L337OI9
License Plate L337X19
License Plate L337539
License Plate L3373U9
License Plate L337369
License Plate L337DV9
License Plate L3375A9
License Plate L337WR9
joyce@Joyces-MacBook-Pro mystery % grep "Honda" "Blue" "L337" vehicles
grep: Blue: No such file or directory
grep: L337: No such file or directory
vehicles:Make: Honda
vehicles:Make: Honda
vehicles:Make: Honda
vehicles:Make: Honda
vehicles:Make: Honda
vehicles:Make: Honda
vehicles:Make: Honda
vehicles:Make: Honda
vehicles:Make: Honda
vehicles:Make: Honda
vehicles:Make: Honda
vehicles:Make: Honda
vehicles:Make: Honda
vehicles:Make: Honda
vehicles:Make: Honda
vehicles:Make: Honda
vehicles:Make: Honda
vehicles:Make: Honda
vehicles:Make: Honda
vehicles:Make: Honda
vehicles:Make: Honda
vehicles:Make: Honda
vehicles:Make: Honda
vehicles:Make: Honda
vehicles:Make: Honda
vehicles:Make: Honda
vehicles:Make: Honda
vehicles:Make: Honda
vehicles:Make: Honda
vehicles:Make: Honda
vehicles:Make: Honda
vehicles:Make: Honda
vehicles:Make: Honda
vehicles:Make: Honda
vehicles:Make: Honda
vehicles:Make: Honda
vehicles:Make: Honda
vehicles:Make: Honda
vehicles:Make: Honda
vehicles:Make: Honda
vehicles:Make: Honda
vehicles:Make: Honda
vehicles:Make: Honda
vehicles:Make: Honda
vehicles:Make: Honda
vehicles:Make: Honda
vehicles:Make: Honda
vehicles:Make: Honda
vehicles:Make: Honda
vehicles:Make: Honda
vehicles:Make: Honda
vehicles:Make: Honda
vehicles:Make: Honda
vehicles:Make: Honda
vehicles:Make: Honda
vehicles:Make: Honda
vehicles:Make: Honda
vehicles:Make: Honda
vehicles:Make: Honda
vehicles:Make: Honda
vehicles:Make: Honda
vehicles:Make: Honda
vehicles:Make: Honda
vehicles:Make: Honda
vehicles:Make: Honda
vehicles:Make: Honda
vehicles:Make: Honda
vehicles:Make: Honda
vehicles:Make: Honda
vehicles:Make: Honda
vehicles:Make: Honda
vehicles:Make: Honda
vehicles:Make: Honda
vehicles:Make: Honda
vehicles:Make: Honda
vehicles:Make: Honda
vehicles:Make: Honda
vehicles:Make: Honda
vehicles:Make: Honda
vehicles:Make: Honda
vehicles:Make: Honda
vehicles:Make: Honda
vehicles:Make: Honda
vehicles:Make: Honda
vehicles:Make: Honda
vehicles:Make: Honda
vehicles:Make: Honda
vehicles:Make: Honda
vehicles:Make: Honda
vehicles:Make: Honda
vehicles:Make: Honda
vehicles:Make: Honda
vehicles:Make: Honda
vehicles:Make: Honda
vehicles:Make: Honda
vehicles:Make: Honda
vehicles:Make: Honda
vehicles:Make: Honda
vehicles:Make: Honda
vehicles:Make: Honda
vehicles:Make: Honda
vehicles:Make: Honda
vehicles:Make: Honda
vehicles:Make: Honda
vehicles:Make: Honda
vehicles:Make: Honda
vehicles:Make: Honda
vehicles:Make: Honda
vehicles:Make: Honda
vehicles:Make: Honda
vehicles:Make: Honda
vehicles:Make: Honda
vehicles:Make: Honda
vehicles:Make: Honda
vehicles:Make: Honda
vehicles:Make: Honda
vehicles:Make: Honda
vehicles:Make: Honda
vehicles:Make: Honda
vehicles:Make: Honda
vehicles:Make: Honda
vehicles:Make: Honda
vehicles:Make: Honda
vehicles:Make: Honda
vehicles:Make: Honda
vehicles:Make: Honda
vehicles:Make: Honda
vehicles:Make: Honda
vehicles:Make: Honda
vehicles:Make: Honda
vehicles:Make: Honda
vehicles:Make: Honda
vehicles:Make: Honda
vehicles:Make: Honda
vehicles:Make: Honda
vehicles:Make: Honda
vehicles:Make: Honda
vehicles:Make: Honda
vehicles:Make: Honda
vehicles:Make: Honda
vehicles:Make: Honda
vehicles:Make: Honda
vehicles:Make: Honda
vehicles:Make: Honda
vehicles:Make: Honda
vehicles:Make: Honda
vehicles:Make: Honda
vehicles:Make: Honda
vehicles:Make: Honda
vehicles:Make: Honda
vehicles:Make: Honda
vehicles:Make: Honda
vehicles:Make: Honda
vehicles:Make: Honda
vehicles:Make: Honda
vehicles:Make: Honda
vehicles:Make: Honda
vehicles:Make: Honda
vehicles:Make: Honda
vehicles:Make: Honda
vehicles:Make: Honda
vehicles:Make: Honda
vehicles:Make: Honda
vehicles:Make: Honda
vehicles:Make: Honda
vehicles:Make: Honda
vehicles:Make: Honda
vehicles:Make: Honda
vehicles:Make: Honda
vehicles:Make: Honda
vehicles:Make: Honda
vehicles:Make: Honda
vehicles:Make: Honda
vehicles:Make: Honda
vehicles:Make: Honda
vehicles:Make: Honda
vehicles:Make: Honda
vehicles:Make: Honda
vehicles:Make: Honda
vehicles:Make: Honda
vehicles:Make: Honda
vehicles:Make: Honda
vehicles:Make: Honda
vehicles:Make: Honda
vehicles:Make: Honda
vehicles:Make: Honda
vehicles:Make: Honda
vehicles:Make: Honda
vehicles:Make: Honda
vehicles:Make: Honda
vehicles:Make: Honda
vehicles:Make: Honda
vehicles:Make: Honda
vehicles:Make: Honda
vehicles:Make: Honda
vehicles:Make: Honda
vehicles:Make: Honda
vehicles:Make: Honda
vehicles:Make: Honda
vehicles:Make: Honda
vehicles:Make: Honda
vehicles:Make: Honda
vehicles:Make: Honda
vehicles:Make: Honda
vehicles:Make: Honda
vehicles:Make: Honda
vehicles:Make: Honda
vehicles:Make: Honda
vehicles:Make: Honda
vehicles:Make: Honda
vehicles:Make: Honda
vehicles:Make: Honda
vehicles:Make: Honda
vehicles:Make: Honda
vehicles:Make: Honda
vehicles:Make: Honda
vehicles:Make: Honda
vehicles:Make: Honda
vehicles:Make: Honda
vehicles:Make: Honda
vehicles:Make: Honda
vehicles:Make: Honda
vehicles:Make: Honda
vehicles:Make: Honda
vehicles:Make: Honda
vehicles:Make: Honda
vehicles:Make: Honda
vehicles:Make: Honda
vehicles:Make: Honda
vehicles:Make: Honda
vehicles:Make: Honda
vehicles:Make: Honda
vehicles:Make: Honda
vehicles:Make: Honda
vehicles:Make: Honda
vehicles:Make: Honda
vehicles:Make: Honda
vehicles:Make: Honda
vehicles:Make: Honda
vehicles:Make: Honda
vehicles:Make: Honda
vehicles:Make: Honda
vehicles:Make: Honda
vehicles:Make: Honda
vehicles:Make: Honda
vehicles:Make: Honda
vehicles:Make: Honda
vehicles:Make: Honda
vehicles:Make: Honda
vehicles:Make: Honda
vehicles:Make: Honda
vehicles:Make: Honda
vehicles:Make: Honda
vehicles:Make: Honda
vehicles:Make: Honda
vehicles:Make: Honda
vehicles:Make: Honda
vehicles:Make: Honda
vehicles:Make: Honda
vehicles:Make: Honda
vehicles:Make: Honda
vehicles:Make: Honda
vehicles:Make: Honda
vehicles:Make: Honda
vehicles:Make: Honda
vehicles:Make: Honda
vehicles:Make: Honda
vehicles:Make: Honda
vehicles:Make: Honda
vehicles:Make: Honda
vehicles:Make: Honda
vehicles:Make: Honda
vehicles:Make: Honda
vehicles:Make: Honda
vehicles:Make: Honda
vehicles:Make: Honda
vehicles:Make: Honda
vehicles:Make: Honda
vehicles:Make: Honda
vehicles:Make: Honda
vehicles:Make: Honda
vehicles:Make: Honda
vehicles:Make: Honda
vehicles:Make: Honda
vehicles:Make: Honda
vehicles:Make: Honda
vehicles:Make: Honda
vehicles:Make: Honda
vehicles:Make: Honda
vehicles:Make: Honda
vehicles:Make: Honda
vehicles:Make: Honda
vehicles:Make: Honda
vehicles:Make: Honda
vehicles:Make: Honda
vehicles:Make: Honda
vehicles:Make: Honda
vehicles:Make: Honda
vehicles:Make: Honda
vehicles:Make: Honda
vehicles:Make: Honda
vehicles:Make: Honda
vehicles:Make: Honda
vehicles:Make: Honda
vehicles:Make: Honda
vehicles:Make: Honda
vehicles:Make: Honda
vehicles:Make: Honda
vehicles:Make: Honda
vehicles:Make: Honda
vehicles:Make: Honda
vehicles:Make: Honda
vehicles:Make: Honda
vehicles:Make: Honda
vehicles:Make: Honda
vehicles:Make: Honda
vehicles:Make: Honda
vehicles:Make: Honda
vehicles:Make: Honda
vehicles:Make: Honda
vehicles:Make: Honda
vehicles:Make: Honda
vehicles:Make: Honda
vehicles:Make: Honda
vehicles:Make: Honda
vehicles:Make: Honda
vehicles:Make: Honda
joyce@Joyces-MacBook-Pro mystery % grep "Honda Blue L337" vehicles
joyce@Joyces-MacBook-Pro mystery % grep "Blue" vehicles
Color: Blue
Color: Blue
Color: Blue
Color: Blue
Color: Blue
Color: Blue
Color: Blue
Color: Blue
Color: Blue
Color: Blue
Color: Blue
Color: Blue
Color: Blue
Color: Blue
Color: Blue
Color: Blue
Color: Blue
Color: Blue
Color: Blue
Color: Blue
Color: Blue
Color: Blue
Color: Blue
Color: Blue
Color: Blue
Color: Blue
Color: Blue
Color: Blue
Color: Blue
Color: Blue
Color: Blue
Color: Blue
Color: Blue
Color: Blue
Color: Blue
Color: Blue
Color: Blue
Color: Blue
Color: Blue
Color: Blue
Color: Blue
Color: Blue
Color: Blue
Color: Blue
Color: Blue
Color: Blue
Color: Blue
Color: Blue
Color: Blue
Color: Blue
Color: Blue
Color: Blue
Color: Blue
Color: Blue
Color: Blue
Color: Blue
Color: Blue
Color: Blue
Color: Blue
Color: Blue
Color: Blue
Color: Blue
Color: Blue
Color: Blue
Color: Blue
Color: Blue
Color: Blue
Color: Blue
Color: Blue
Color: Blue
Color: Blue
Color: Blue
Color: Blue
Color: Blue
Color: Blue
Color: Blue
Color: Blue
Color: Blue
Color: Blue
Color: Blue
Color: Blue
Color: Blue
Color: Blue
Color: Blue
Color: Blue
Color: Blue
Color: Blue
Color: Blue
Color: Blue
Color: Blue
Color: Blue
Color: Blue
Color: Blue
Color: Blue
Color: Blue
Color: Blue
Color: Blue
Color: Blue
Color: Blue
Color: Blue
Color: Blue
Color: Blue
Color: Blue
Color: Blue
Color: Blue
Color: Blue
Color: Blue
Color: Blue
Color: Blue
Color: Blue
Color: Blue
Color: Blue
Color: Blue
Color: Blue
Color: Blue
Color: Blue
Color: Blue
Color: Blue
Color: Blue
Color: Blue
Color: Blue
Color: Blue
Color: Blue
Color: Blue
Color: Blue
Color: Blue
Color: Blue
Color: Blue
Color: Blue
Color: Blue
Color: Blue
Color: Blue
Color: Blue
Color: Blue
Color: Blue
Color: Blue
Color: Blue
Color: Blue
Color: Blue
Color: Blue
Color: Blue
Color: Blue
Color: Blue
Color: Blue
Color: Blue
Color: Blue
Color: Blue
Color: Blue
Color: Blue
Color: Blue
Color: Blue
Color: Blue
Color: Blue
Color: Blue
Color: Blue
Color: Blue
Color: Blue
Color: Blue
Color: Blue
Color: Blue
Color: Blue
Color: Blue
Color: Blue
Color: Blue
Color: Blue
Color: Blue
Color: Blue
Color: Blue
Color: Blue
Color: Blue
Color: Blue
Color: Blue
Color: Blue
Color: Blue
Color: Blue
Color: Blue
Color: Blue
Color: Blue
Color: Blue
Color: Blue
Color: Blue
Color: Blue
Color: Blue
Color: Blue
Color: Blue
Color: Blue
Color: Blue
Color: Blue
Color: Blue
Color: Blue
Color: Blue
Color: Blue
Color: Blue
Color: Blue
Color: Blue
Color: Blue
Color: Blue
Color: Blue
Color: Blue
Color: Blue
Color: Blue
Color: Blue
Color: Blue
Color: Blue
Color: Blue
Color: Blue
Color: Blue
Color: Blue
Color: Blue
Color: Blue
Color: Blue
Color: Blue
Color: Blue
Color: Blue
Color: Blue
Color: Blue
Color: Blue
Color: Blue
Color: Blue
Color: Blue
Color: Blue
Color: Blue
Color: Blue
Color: Blue
Color: Blue
Color: Blue
Color: Blue
Color: Blue
Color: Blue
Color: Blue
Color: Blue
Color: Blue
Color: Blue
Color: Blue
Color: Blue
Color: Blue
Color: Blue
Color: Blue
Color: Blue
Color: Blue
Color: Blue
Color: Blue
Color: Blue
Color: Blue
Color: Blue
Color: Blue
Color: Blue
Color: Blue
Color: Blue
Color: Blue
Color: Blue
Color: Blue
Color: Blue
Color: Blue
Color: Blue
Color: Blue
Color: Blue
Color: Blue
Color: Blue
Color: Blue
Color: Blue
Color: Blue
Color: Blue
Color: Blue
Color: Blue
Color: Blue
Color: Blue
Color: Blue
Color: Blue
Color: Blue
Color: Blue
Color: Blue
Color: Blue
Color: Blue
Color: Blue
Color: Blue
Color: Blue
Color: Blue
Color: Blue
Color: Blue
Color: Blue
Color: Blue
Color: Blue
Color: Blue
Color: Blue
Color: Blue
Color: Blue
Color: Blue
Color: Blue
Color: Blue
Color: Blue
Color: Blue
Color: Blue
Color: Blue
Color: Blue
Color: Blue
Color: Blue
Color: Blue
Color: Blue
Color: Blue
Color: Blue
Color: Blue
Color: Blue
Color: Blue
Color: Blue
Color: Blue
Color: Blue
Color: Blue
Color: Blue
Color: Blue
Color: Blue
Color: Blue
Color: Blue
Color: Blue
Color: Blue
Color: Blue
Color: Blue
Color: Blue
Color: Blue
Color: Blue
Color: Blue
Color: Blue
Color: Blue
Color: Blue
Color: Blue
Color: Blue
Color: Blue
Color: Blue
Color: Blue
Color: Blue
Color: Blue
Color: Blue
Color: Blue
Color: Blue
Color: Blue
Color: Blue
Color: Blue
Color: Blue
Color: Blue
Color: Blue
Color: Blue
Color: Blue
Color: Blue
Color: Blue
Color: Blue
Color: Blue
Color: Blue
Color: Blue
Color: Blue
Color: Blue
Color: Blue
Color: Blue
Color: Blue
Color: Blue
Color: Blue
Color: Blue
Color: Blue
Color: Blue
Color: Blue
Color: Blue
Color: Blue
Color: Blue
Color: Blue
Color: Blue
Color: Blue
Color: Blue
Color: Blue
Color: Blue
Color: Blue
Color: Blue
Color: Blue
Color: Blue
Color: Blue
Color: Blue
Color: Blue
Color: Blue
Color: Blue
Color: Blue
Color: Blue
Color: Blue
Color: Blue
Color: Blue
Color: Blue
Color: Blue
Color: Blue
Color: Blue
Color: Blue
Color: Blue
Color: Blue
Color: Blue
Color: Blue
Color: Blue
Color: Blue
Color: Blue
Color: Blue
Color: Blue
Color: Blue
Color: Blue
Color: Blue
Color: Blue
Color: Blue
Color: Blue
Color: Blue
Color: Blue
Color: Blue
Color: Blue
Color: Blue
Color: Blue
Color: Blue
Color: Blue
Color: Blue
Color: Blue
Color: Blue
Color: Blue
Color: Blue
Color: Blue
Color: Blue
Color: Blue
Color: Blue
Color: Blue
Color: Blue
Color: Blue
Color: Blue
Color: Blue
Color: Blue
Color: Blue
Color: Blue
Color: Blue
Color: Blue
Color: Blue
Color: Blue
Color: Blue
Color: Blue
Color: Blue
Color: Blue
Color: Blue
Color: Blue
Color: Blue
Color: Blue
Color: Blue
Color: Blue
Color: Blue
Color: Blue
Color: Blue
Color: Blue
joyce@Joyces-MacBook-Pro mystery % cd ..
joyce@Joyces-MacBook-Pro command-line-murder-mystery % cat hint7
In order to actually get information about vehicles that might match our description,
we need to get multiple lines AROUND each match.  We can use the -A, -B, or -C option with grep:

	grep -A 5 "L337" mystery/vehicles

This will match the license plates that contain "L337" and, for each match, show us the five lines AFTER it.%      joyce@Joyces-MacBook-Pro command-line-murder-mystery % cd mystery 
joyce@Joyces-MacBook-Pro mystery % grep -A 5 "L337" mystery/vehicles
grep: mystery/vehicles: No such file or directory
joyce@Joyces-MacBook-Pro mystery % cd ..
joyce@Joyces-MacBook-Pro command-line-murder-mystery % grep -A 5 "L337" mystery/vehicles
License Plate L337ZR9
Make: Honda
Color: Red
Owner: Katie Park
Height: 6'2"
Weight: 189 lbs
--
License Plate L337P89
Make: Honda
Color: Teal
Owner: Mike Bostock
Height: 6'4"
Weight: 173 lbs
--
License Plate L337GX9
Make: Mazda
Color: Orange
Owner: John Keefe
Height: 6'4"
Weight: 185 lbs
--
License Plate L337QE9
Make: Honda
Color: Blue
Owner: Erika Owens
Height: 6'5"
Weight: 220 lbs
--
License Plate L337GB9
Make: Toyota
Color: Blue
Owner: Matt Waite
Height: 6'1"
Weight: 190 lbs
--
License Plate L337OI9
Make: Jaguar
Color: Blue
Owner: Brian Boyer
Height: 6'6"
Weight: 201 lbs
--
License Plate L337X19
Make: Fiat
Color: Blue
Owner: Al Shaw
Height: 6'5"
Weight: 240 lbs
--
License Plate L337539
Make: Honda
Color: Blue
Owner: Aron Pilhofer
Height: 5'3"
Weight: 198 lbs
--
License Plate L3373U9
Make: Ford
Color: Blue
Owner: Miranda Mulligan
Height: 6'6"
Weight: 156 lbs
--
License Plate L337369
Make: Honda
Color: Blue
Owner: Heather Billings
Height: 5'2"
Weight: 244 lbs
--
License Plate L337DV9
Make: Honda
Color: Blue
Owner: Joe Germuska
Height: 6'2"
Weight: 164 lbs
--
License Plate L3375A9
Make: Honda
Color: Blue
Owner: Jeremy Bowers
Height: 6'1"
Weight: 204 lbs
--
License Plate L337WR9
Make: Honda
Color: Blue
Owner: Jacqui Maher
Height: 6'2"
Weight: 130 lbs
joyce@Joyces-MacBook-Pro command-line-murder-mystery % cat hint8
To see who was a member of several different groups, you can combine their membership lists into one and search against that.

	cat Fitness_Galaxy AAA United_MileagePlus | grep "John Smith"

If you only want to see the number of matches, you can use grep's -c option (the c must be lowercase):

	cat Fitness_Galaxy AAA United_MileagePlus | grep -c "John Smith"

Or you can pipe the result to 'wc -l':

	cat Fitness_Galaxy AAA United_MileagePlus | grep "John Smith" | wc -l%                                     joyce@Joyces-MacBook-Pro command-line-murder-mystery % cd mystery 
joyce@Joyces-MacBook-Pro mystery %      grep -A 5 "T3YUHF6" mystery/vehicles
grep: mystery/vehicles: No such file or directory
joyce@Joyces-MacBook-Pro mystery % cd ..
joyce@Joyces-MacBook-Pro command-line-murder-mystery % grep -A 5 "T3YUHF6" mystery/vehicles
License Plate T3YUHF6
Make: Toyota
Color: Yellow
Owner: Jianbo Megannem
Height: 5'6"
Weight: 246 lbs
joyce@Joyces-MacBook-Pro command-line-murder-mystery % grep -A 5 "EZ21ECE" mystery/vehicles
License Plate EZ21ECE
Make: BMW
Color: Gold
Owner: Norbert Feldwehr
Height: 5'3"
Weight: 205 lbs
joyce@Joyces-MacBook-Pro command-line-murder-mystery % grep -A 5 "CQN2TJE" mystery/vehicles
License Plate CQN2TJE
Make: Mazda
Color: Red
Owner: Alexandra Jokinen
Height: 5'11"
Weight: 227 lbs
joyce@Joyces-MacBook-Pro command-line-murder-mystery % cd mystery 
joyce@Joyces-MacBook-Pro mystery % cat Museum_of_Bash_History AAA Delta_Skymiles | grep "Alexandra Jokinen" 
cat: Museum_of_Bash_History: No such file or directory
cat: AAA: No such file or directory
cat: Delta_Skymiles: No such file or directory
joyce@Joyces-MacBook-Pro mystery % cd memberships                                                       
joyce@Joyces-MacBook-Pro memberships % cat Museum_of_Bash_History AAA Delta_Skymiles | grep "Alexandra Jokinen" 
Alexandra Jokinen
joyce@Joyces-MacBook-Pro memberships %  cat Museum_of_Bash_History AAA Delta_Skymiles | grep "Jianbo Megannem"   
Jianbo Megannem
joyce@Joyces-MacBook-Pro memberships % cat Museum_of_Bash_History AAA Delta_Skymiles 
Limei Ioannou
Mihaela Toskic
Mihyun Dahlberg
Joseph Nielsen
Glenn Ouedraogo
Fabian Knight
Kien Wade-Fray
Elena Modenesi
Honami Kozhenkova
Yakhouba Garcia
Norbert Prokopenko
Tugba Brecciaroli
Shota Rakonczai
Olga Schofield
Azad Honeybone
Dion Pavlov
Aleksandra Silva
Lynsey Bailey
Dmitriy Halsted
Pajtim Pospisil
Austra Xu
Diego Smith
Bridget Usovich
Kellie Leon
Jur Gebremeskel
Camille Gao
Andrei Masna
Simon Rigaudo
Jose Pedersen
Selim Tregaro
Maher Vos
Vera Scarantino
Paula Pamg
Stevy Fernandez
Stanislav Dorneanu
Goran Driouch
Sergi Soto
Yang Fraser
Miguel Cho
Abiodun Rogers
Katya Lehtinen
Jermaine Qin
Germain Detti
Kieran Mota
Andrea Lammers
Yu Sakaguchi
Sanja Silva
Suhrob Jacob
Eric Ally
Guilherme Latt
Mario Agahozo
Yuko Gennaro
Yana Al-Garni
Roderick Nagai
Grainne Ross
Kay Kouassi
Betkili Betts
Omar Osl
Erina Cabrera
Mercy Pietrzak
Aksana Melian
Tetyana Kolchanova
Mei Stettinius
Igor Turner
Beata Altes
Geir Brash
Lukasz Afroudakis
Jamy Malzahn
Yi Mansouri
Xiaojun Lee
Rayan Titenis
Denis Machado
Marc Clair
Sarah Dovgun
Isil Gonzalez
Xiaodong Dulko
Marina Tchuanyo
Chong Massialas
Carlos Hall
Faith Kim
Mohammad Li
Antonija Dilmukhamedov
Mathias Laukkanen
Goldie Marais
Mariaesthela O'connor
Keri-anne KORSIZ
Mikhail Laalou
Jingjing Gray
Shane Fischer
Luis Lundgren
Kynan Viljoen
Petra Sakai
Andrei Delattre-Demory
Carl Chapman
James Seferovic
Taizo Barry
Philip Hilario
Nick Rogers
Malin Archibald
Komeil Menchov
Mateusz Yi
Simone Fesikov
Nicholas Kudryashov
Scott Klein
Johana Carman
Brenda Hsu
Diletta Tindall
Nadeen Carrasco
Jefferson Nagy
Anna Munch
Lisbeth Savani
Anderson Oh
Elco Williams
Eduardo Collins
Elena Costa
James Brooks
Ates Wenger
Alina Ciobanu
Stephanie Sofyan
Clement Starovic
Connor Touzaint
Saori Dancette
Blaza Frolov
Toshiyuki Nyasango
Jung Jung
Anna Savinova
Georgi Dent
Albert Malki
Wan-Jung Gasol
Chia Bleasdale
Natalia Kim
Ka Ma
Tiago Lauric
Yuliya Sokolov
Fernanda Purchase
James Haghi
Jacheol Hyun
Michal Stahlberg
Courtney Yankey
Simas Takahashi
Job Cole
Dariya Kalentieva
Mechiel Maric
Suzaan Dawkins
Macarena Jorge
Julie Henriques
Kieran Bayaraa
Ibrahima Byrnes
Sara Siriteanu
Olga Puga
Petr Smith
Hichem Schwarz
Simona Mennigen
Wai Mazic
Jaele Sharp
Sylwia Yang
DeeDee Warfe
Ivan Abdusalomov
Danylo Bond-Williams
Ranohon Montano
David Moutton
Liliana Mullin
Abdelaziz Durant
Alberto Han
Leford Lapin
Svetlana Wang
Alexey Friedrich
Margaux Jung
Susan Weidlinger
Emmanuel Mukasheva
Jack Shafar
Peter Schuch
Vardan Romeu
Danyal Lefert
Milos Blazhevski
Andre Romeu
Ahmed Miyake
Mamorallo Holzer
Edwige Henderson
Alena Noa
Evgeny Schoneborn
Tetyana Kvyatkovskyy
Samantha Lin
Kateryna Mitrea
Viktor Steffens
Guido Kanerva
Jeremy Bowers
Ludivine Chetcuti
Raphaelle Batum
Ainhoa Taylor
Corine Kashirina
Mario Husseiny
Husayn Reuse
Barbara Shakes-Drayton
Johana Yauhleuskaya
Michael Stamatoyiannis
Georgina Issanova
Ying Marinova
Mebrahtom Fields
Danijel Carriqueo
Marlene Nicholson
Ventsislav Niyazbekov
Evelin Niyazbekov
Andisiwe Graham
Sonata Raif
Spiridon Elkhedr
Silviya Cesarini
Shaunae Hallgrimsson
Jayme Suarez
Natalia Manaudou
Arianna Tansai
Aly Roberts
Sarra Larsen
Tsilavina Wozniacki
Jarred Selimau
Anas Ma
Tatiana Muncan
Kyung-Ok Monaco
Vera Sene
Gulnar Kowalska
Arben Mikhaylov
Joao Dovgodko
Riccardo Cheng
Laetitia Cornelissen
Tetsuya Cabrera
Torben Jaskolka
Kim Kable
Chelsea Thiele
Kayla Kim
Nilson Belmadani
Junggeu Firova
Maja Orban
Kate Bourihane
Nicole Kovalev
Casey Santos
Renee Duenas
Beatriz Nooijer
Matthew Toth
Ravil Azou
Gia Yoon
Liuyang Darnel
Irina Kaddouri
Adrian Lidberg
Carlos Yakimenko
Silvana Bianconi
Gonzalo Gough
Constantina Nagel
Franziska Huang
Charlotte Ranfagni
Keith Beresnyeva
Steven Schlanger
Bruno Ruban
Natalie Cheverton
Paulo Seric
Enzo Balciunas
Pascal Davaasukh
Roxana Srebotnik
Ludivine Williams
Wei White
Maria Banco
Wouter Brennauer
Olga Richards
Peter Jang
Xiaoxia Yamagata
Shane Gemmell
Rizlen Errigo
Iuliia Oatley
Todd Lewis-Smallwood
Hamdan Zabelinskaya
Sviatlana Zucchetti
Jose Morgan
Shane Dodig
Hun-Min Soroka
Emma Hausding
Mylene Murray
Ryosuke Ciglar
Marleen Rodrigues
Abiodun Horvath
Oleksandr Schwarzkopf
Alexa Patrick
Georgina Zuniga
Helge Saladino
Jan Ferreira
Bastian Horvat-Panda
Suzanne Warburton
Augustin Lozano
Shuai Muttai
Derek Kazanin
Rosie Aydemir
Artur Teltull
Phillipp Absalon
Kyle Chamberlain
Guor Rodhe
Kenny Chavanel
Levan Ingram
Brian Boyer
Bedan Soubeyrand
Maximilian Sedoykina
Darcy Zouari
Sebastian Drame
Gwang-Hyeon Mears
Andres Shi
Lisa Mendibaev
Ivan Contreras
Ivana Grubisic
Charlotte Kachalova
Eric Babos
Pablo Pereyra
Claudia Metu
Viktor Rangelova
Moana Xian
Ryan Pota
El Gonzalez
Ashleigh Bruno
Marquinhos Samara
Tim Cambage
Docus Muff
Yahima Menkov
Dalibor Vidal
Kyle Koala
Weiyi Kirpulyanskyy
Joel Csernoviczki
Aleksei Wang
Gojko Lee
Gulcan Burling
Adenizia Kim
Federico Pavoni
Daniel Lim
Kobe Driebergen
Aleksandr Rutherford
Paolo Sirikaew
Simone Moreau
Fortunato Deng
Kristina Sokhiev
Ayouba Carrington
Rafal Ri
Pavlos Nicolas
Juan Lacrabere
Ida Deak-Bardos
Jerome Amoros
Priscilla Chitu
Piotr Rabente
Daniel Green
Robert Skrzypulec
Pui Coronel
Marie-Louise Hosking
Niverka Junior
Mariko Shimamoto
Bilel Boonsawad
Deni Iovu
Ioannis Martinez
Chia Hilario
Nicholas Stowell
Rubie Sukhorukov
Gareth Culley
Bianca Coleman
Angelique Raden
Angela Belmonte
Andrew Ekame
Annabel Church
Victor Labyad
Marcel Goodison
Veronique Caianiello
Marcos Laukkanen
Maiko Zhang
Ionut Kalovics
Fineza Davis
Ryan Welte
Hursit Gestel
Diego Michan
Dallal Elgammal
Marie Unsworth
Giovani Alflaij
Sajjad Ulrich
Anton Aguilar
Lori Jacobsen
Jean-Christophe Fujio
Sarah Markussen
Ashlee Sakai
Tina Ortiz
Alice Riou
Adrien Kleibrink
Alfredo Polyanskiy
Ratanakmony Prutsch
Marcel Roelandts
Urs Kim
Artem Napoleon
Yoann Gentry
Charline Chen
Chia-Ying Djokovic
Lorena Ginn
Eunice Zairov
Luis Elhawary
Mary Tomashova
Benjamin Bilici
Seonkwan Cha
Kyoko Bennett
Vera Silva
Ricardo Jones
Darae Hidayat
Moon Caille
Horacio Klizan
Simona Sauveplane
Gauthier Bindrich
Tina Teutenberg
Jingbiao Cheon
Marcel Petersen
Thomas Boggiatto
Mansur Engleder
Marry Azizi
Miranda Mulligan
Maider Piccinini
Chris Keller
Didier Munoz
Jessica Mcgivern
Periklis Gemmell
Louisa Tomas
Francielle Ziolkowski
Karolina Brennauer
Niklas Donckers
Lisa Poistogova
Egor Ferreira
David Schuh
Adrienne Kreanga
Svetlana Janoyan
Shijia Conway
Tom Ptak
Nazario Barrondo
Deron Estanguet
Shiho Berkel
David Rahimi
Viktoriia Mathlouthi
Yuki Hayashi
Sarah Zaidi
Lee Farris
Rita Sanchez
Maroi Tatham
Reza Hoovels
Liubov Ruh
Bodin Prevolaraki
Yadira Marghiev
Shane Lauric
Stephanie Adlington
Xiang Diaz
Samira Ri
Naomi Presciutti
Martin Strebel
Shaune Hurskainen
Gwen Fredricson
Dieter Schooling
Nenad Moran
Iuliia Kim
Suji Labani
Christina Illarramendi
Yunwen Crous
Polen Borel
Niki Batkovic
Daniele Babaryka
Nathan Nishikori
Ash Buckland
Daniel Jackson
Kelly Olivier
Shao Watt
Vincent Brize
Marina Ma
Russell Verdasco
Haibing Lee
Stanislav Cherobon-Bawcom
Pedro Prieto
Andisiwe Ki
Pimsiri Panchia
Michal Krsmanovic
Kim Estrada
Pawel Jensen
Alison Potro
Zamandosi Chuang
Deni Yao
Mohamed Silva
Jukka Barros
Shara Gomez
Donald Aleksic
Jeroen Torstensson
Eslam Kaifuchi
Yevgeniy Ghiban
Carolina Macias
Philipine Hansen
Tim Han
Marian Atkinson
Pawel Coetzee
Westley Tatalashvili
Yihua Grunsven
Barna Vican
Hamish Drabenia
Mulualem Rodriguez
Lidija Usovich
Sergey Dahlberg
Gonzalo Nunes
Maro Jiang
Kira Richards-Ross
Francois Achour
Maria Smid
Wenwen Pitchford
Dakota Ulrich
Olga Castano
Olga Brize
Tino Henze
Grigor Suuto
Patricia Edward
Iuliia Barseghyan
Paul Tsakmakis
Marcia Ser
Remy Barac
Nicholas Hornsey
Kim Klaas
Nils Guzzetti
Carmelita Zahmi
Benjamin Jeong
Mclain Rakoczy
Anja Jang
Marc Atici
Anastasia England
Albert Barthel
Chu Willis
Karina Jelaca
Vitaliy Robson
Dzhamal Barry
Harry Brunstrom
Joel Tverdohlib
Shunsuke Erakovic
Alexandre Smedins
Hyunsung Ivancsik
Ewelina Hwang
Maximiliano Matsumoto
Charles Cadee
Gemma Wang
Yue Zargari
Natthanan Caluag
Hoi Martina
Mohamed Soares
Hajung Cardona
Josefin Crawshay
Kyung Granstrom
Jemma Modenesi
Viktor Michshuk
Kate Pink
Derek Dancette
Po Otsuka
Hannah Gherman
Alistair McGeorge
Ashley Johansson
Bjoern Markt
Karen Okruashvili
Mizuho Suetsuna
Aselefech Gkountoulas
Danielys Butler
Lenise Liu
Rima Sommer
Richard Ruiz
Hyok Maciulis
Alan Mestres
George Terpstra
Zhiwen Wu
Lisbeth Alptekin
Jean-Christophe Kirkham
Emanuele Siegelaar
Donglun Nhlapo
Onan Kim
Christian Machavariani
Nahla Zhedik
Helen Beaubien
Alexandre Sawers
Hanna-Maria Bluman
Dunia Paton
Endene Samsonov
Rosario Rulon
Chen Moulinet
Manuela Syllabova
Christopher Erichsen
Haris Sinclair
Dylan Espinosa
Mikhail Napoleao
Katarzyna Calabrese
Artur Talbot
Stefan Noonan
James Meszaros
Jennifer Johnson
Viktoriia Madico
Aline Peters
Lleyton Houghton
Rasmus Rindom
Yang Yin
Mattias Kovtunovskaia
Damian Woods
Marina Murphy
Jiao Fasungova
Mohamed Kazakevic
Juan Osl
Sonia Gillis
Takamasa Kasa
Sara Birarelli
Velichko Connor
Camilla Terpstra
Khairul Morningstar
Eve Pessoa
Katya Baddeley
Lucy Burmistrova
Nicolas Gyurov
Joao Shavdatuashvili
Lina Al-Jumaili
Elia Mota
Reza Hoff
Vera Rickard
Klaas Wykes
Abdalaati Rodriguez
Josefin Ma
Victoria Homklin
Kerron Saedeleer
Jamie Kinderis
Derrick Jackson
Viorica Schwarzkopf
Yin Toma
Melanie Disney-May
Elena Quinonez
Marina Kim
Pavlo Stewart
Lucia O'malley
Gabrielle Lidberg
Matthieu Wang
Joachim Mironcic
Alejandro Collins
Silvia Nakamoto
Emmeline Vasilionak
Shuang Cabrera
Keon Mcculloch
Justin Mandir
Wanida Barjaktarovic
Ilya Saito
Hiroyuki Meye
Amine Lin
Nikola Zevina
Margarita Donckers
Emanuel Hanany
Hannah Knioua
Victoria Davis
Kara Vougiouka
Daniela Schaer
Laura Sanca
Adnane Kim
Louisa Hazer
Sangjin Hindes
Risa Synoradzka
Anthony Machavariani
Milena Wojnarowicz
Bernard Tamayo
Yue Birmingham
Timothy Goffin
Andre Qin
Rachel Gonzalez
Desiree Kavcic
Pedro Egelstaff
Serghei Alhasan
Hideki Liivamagi
Jorge Lambert
Mary Wallace
Brittany Askarov
Marian Jager
Bostjan Kasold
Kerron Bracciali
Miyu Murray
Katherine Luca
Jade Jallouz
Sinead McHale
Saskia Pliev
Byron Lezak
Thiago Rosso
Sandra Kaukenas
Stephanie Rodrigues
Traian Chen
Milka Spiegelburg
Ifeoma Lahbabi
Neil Kopp
Louise Karimov
Vittoria Lima
Sara Walker
Jinling Golovkina
Vesna Rutter
Chien-Ying Bompastor
Mylene Haywood
Damian Baki
Dmytro Song
Dmytro Golding
Cy Malzahn
Darae Charlos
On Schops
Rene Chen
James McNeill
Vincent Krasnov
Tsvetana Jennings
Yomara Setiadi
Jongwoo Sin
Erik Plouffe
Petar Dominguez
Ali Watanabe
Lisa Edgar
Patrick Miles
Antonina Raif
Yimeng Amaris
Mireia Lindh
Ivana Fajdek
Won Teltull
Kateryna Matei
Ahmed Elkawiseh
Anna Holzdeppe
Yunlei Xu
Rafael Yero
Virgil Neny
Marcel Cainero
Kimberly Yu
Ahmed Gordon
Nicola Hosking
Francisco Feldwehr
Carolina Rondelez
Lucas Ahmed
Tomasz Jang
Alvaro Viljoen
Allison Musinschi
Vladimir Benedetti
Lizzie Sheiko
DeeDee Dumitrescu-Lazar
Jordan Panizzon
Cian Purnell
Julia Dovgodko
Jamol Perez
William Salminen
Gavin Bauza
Shaune Milevicius
Sophie Giorgetti
Jonas Ciglar
Fergus Sykorova
Attila Vicaut
Julie Ovchinnikovs
Hagos Hassler
Xing Varga
Nina Krause
Lena Miyama
Jamaladdin Dalby
Andreas Stanning
Besik Unsworth
Lei Wojtkowiak
Roderick Atari
Tamara Cafaro
Pierre-Alexis Zhang
Anna Hosking
Irina Song
Juan Lovric
Mattia Saramotins
Norman Chen
Tina Boidin
Roger Kaeufer
Gulsah Makarova
Luigi Schwaiger
Yulan Mohaupt
Matthew Lessard
Qingfeng Li
Caster Gong
Louisa Horasan
Eric Silva
Dilshod Thiney
Paola Tai
Ehsan Yamazaki
Nevin Ikeda
Sebastian Gadabadze
Ponloeu Inthavong
Ai Portela
Ciaran Susanu
Xiaoxu Cardoso
Olena Kromowidjojo
Krista Dai
Hakim Nyantai
Eric Birca
Johan Arvaniti
Maksim Loza
Luke Ruh
Matt Waite
Martyna Kirkbride
Amanda Tateno
Deokhyeon Khinchegashvili
Marcelo Filippov
Luka Begu
Aleksandar Sandell
Aleksandra Gordon
Jitka Tranter
Thais Pereira
Silvio Steryiou
Seoyeong Montoya
Ilya Marcano
Aya Rakoczy
Whaseung Maresova
Emma Wei
Rebecca Ruta
Jitka Mottram
Gaetane Partridge
Yuliya Shiratori
Konstantin Papachristos
Teklit Zheng
Amer Reyes
Iaroslav Jakabos
Konstadinos Troicki
Alexander Frederiksen
Asumi Colo
Mohamed Steele
Patricia Zhang
Aniko Blume
Ensar Taylor
Konstadinos Voronov
Danijel Paderina
Jose Paldanius
Yerzhan Poulios
Marton Coetzee
Marius-Vasile Sidi
Martin Voulgarakis
Adnan Brendel
Lynne Om
Mateusz Mendoza
Simon Zordo
Moussa Fernandez
Aron Pilhofer
Michael Orjuela
Neisha Liang
Oliver Mokoka
Nurul Han
Eduarda Bartonova
Beth Mazuryk
Karolina Wells
Jenny Flognman
Serhiy Kang
Gundegmaa El-Sheryf
Alexandr Liu
Bubmin Saenz
Kevin Dawidowicz
Eusebio Wallace
Mario Vanasch
Todd Kuzmenok
Amine Kiss
Jing Sprunger
Ola Almeida
Carl Roux
Yumeka Guo
Mikaela Iwao
Daniel Loyden
Zouhair Ri
Marcus Khalid
Marcelien Hosnyanszky
Julian Antosova
Dzmitry Busienei
Rutger Mareghni
Antonin Morais
Shiho Brens
Suyoung Rodrigues
El-Sayed Prodius
Thi Kostadinov
Marcelinho Pendrel
Anita Goubel
Jacques Ide
Pieter-Jan Huang
Andreas Paonessa
Ever Levins
Anton Dlamini
Mark Turner
Natalia Lippok
Austra Bauza
Sophie Ahmadov
Yuhan Ryang
Uladzimir Bertrand
Jean-Christophe Pompey
Mike Bostock
Edgars Meshref
Amy Zaiser
Sarah Lokluoglu
Lorena Marenic
Andrea Kimani
Hye Wallace
Aina Gavrilovich
Stina Perova
James Chetcuti
Yik Akkaoui
Sadio Chouiref
Vincent Robinson
Chia Jensen
Yibo Al-Jumaili
Borja Rodriguez
Juan Oiwa
Caba Mandic
Vanesa Hitchon
Zamandosi Flood
Shehab Makhloufi
Xi Somogyi
James Takase
Jean-Christophe Davenport
Matias Hosnyanszky
Ava Silva
Myung McCafferty
Ali Milthaler
Junjing Kang
Stepan Gallantree
Bebey Rodaki
Andrew Liu
Marcin Mihamle
Liangliang Miller
Diego Udovicic
Yoo Miller
Yoon Kelsey
Walton Souleymane
Wirimai Enders
Louis Maneza
Sanne Kuo
Mie Callahan
Younghui Karasek
Ahmed Chammartin
Arlene Douka
Katharina Bartonickova
Karen Rew
Constanze Sanchez
Abraham Benitez
Mikhail Polaczyk
Jie Tarasova
Nadezda Lee
Oscar Mitic
Vincent Hartig
Silke Nam
Ziwei Braas
Agnieszka Iersel
Nenad Blerk
Mikhail Vlcek
Jangy Scott-Arruda
Suyeon Woo
Ivana Monteiro
Chun Yamaleu
Richard Kim
Khadzhimurat Wilkinson
Lidiia Ng
Nazmi Patrikeev
Julia Jeon
Kelly Gemmell
Olexiy Cheon
Emily Chow
Slobodan Elaisa
Zachary Podryadova
Sonja Ide
Klara Gubarev
Jeannette Prokopiev
Jaime Bruno
Michela Brown
Camille Andersen
Christofer Sokolova
Erwan Putra
Zsuzsanna Hodge
Xavier Cox
Chie Aigner
Shinichi Grasu
Chloe Santos
Lukasz Draudvila
Lee-Ann Song
Ana Williams
Ahmed Saladuha
Dina Hwang
Naydene Cabral
Krystian Pen
Lijie Fowles
Carlos Cebrian
Roba Suvorau
Ayako Coetzee
Lucas Neal
James Aniello
Bruno Tomas
Ju Isner
Tanyaporn Mazuryk
Javier Branza
Jinhyeok Yamaguchi
Robert Dent
Peng Perez
Valerie Battisti
Iuliana Costa
Stijn Choi
Yasemin Cavela
Alexander Obermoser
Irene Soloniaina
Yu Chinnawong
Anton Gu
Gia Mogawane
Jayde Madarasz
Boniface Kanis
Esref Moiseev
Yadira Psarra
Glenn Filandra
Marouen Tatari
Alex Nichols
Ibrahima Csima
Tinne Campriani
Cesar Chen
Ken Roland
Ivan Nakai
Olha Lewis-Smallwood
Alfonso Jneibi
Bashir Krovyakov
Yanfei Nono
Julien Chen
Kayono Nikitina
Spyridon Zhou
Elisabeth Amertil
Benjamin Noumonvi
Aldo Cerkovskis
Sandrine Lapeyre
Jehue Zolnerovics
Silvia Ioneticu
Aries Coston
Carli Kajuga
Denys Hasannen
Jo-Wilfried Schornberg
Daniel Kouassi
Jonas Vlcek
Aaron Purevjargal
Adrianti Tsirekidze
Anthony Dahlgren
Kaliese Sudol
Jacqui Maher
Irene Russell
Lucy Vitting
Jamale Fu
Tatsuhiro Thompson
Cameron Allepuz
Crisanto Saikawa
Samantha Ahamada
Nguyen Mueller
Marcia Khubbieva
Kris White
Samantha Hantuchova
Andy Maier
Joshua Azcarraga
Tamas Fredericks
Mareme Mihelic
Natalya Mrabet
Christopher Follmann
Arturs Swann
Jianlian Burgers
Dongwon Rodriguez
Krystian Kean
Seen Flores
Maxime Tatishvili
Damien Hejmej
Sally Fuamatu
Lok Al-Athba
Diego Saedeleer
Lina Bujdoso
Barbara Hutten
Ioulietta Assefa
Martyn Stasiulis
Sergej Yli-Kiikka
Lionel Shabanov
Shara Burgrova
Alvaro Tanatarov
Bin Iersel
Dominic Al-Azzawi
Larisa Nagy
Ashley Saramotins
Lukas Jang
Peter Zyabkina
Sofiane Satch
Sandeep Karayel
Robbert Kanerva
Kanae Bracciali
Tim Mankoc
Aleksandr Inthavong
Alix Dziamidava
Pietro Boukhima
Murilo Rohart
Radu Colley
Lieuwe Lim
Henk Mrvaljevic
Ka Ilyes
Keith Pavoni
Seongeun Magdanis
Kate Scheuber
Kevin Giovannoni
Fionnuala Horst
Dmitriy Liang
Beth Andrade
Nicholas Nechita
El Rooney
Juliane Yanit
Wesley Meftah
Komeil Matheson
Nadiya BAER
Athanasia Ayling
Feiyi Zavadsky
Reza Egelstaff
Rasul Tichelt
Valentina Teschke
Nastassia Zalsky
Tamas Guo
Irina Tigau
Kianoush Tan
Alana Thiam
Moses Sihame
Elena Zhang
Naomi Gattsiev
Victor Ganeev
Valerie Penezic
Rachelle Cherniavska
Sardar Vuckovic
Sarah Guzzetti
Daniel Huckle
Mohamed Koo
Donglun Rohner
Ahreum Sum
Theodora Conway
Agnes Vasina
Magalie Allen
Xuanxu Barnard
Vladimir Dehghanabnavi
Darryl Strebel
Sholpan Draudvila
Cornel Ding
Katarina Rogina
Amy Prevot
Leah Aleksic
Eva Markussen
Melissa Brguljan
Timothy Li
Cindy Narcisse
Aleksei Rouwendaal
Njisane Arkhipova
Anaso Booth
Alexandros Grumier
Annalie Ekame
Alex Kim
Joshua Fenclova
Megan Raymond
Wen Ghayaza
Ryan Prasad
Monika Hwang
Anna Hirano
Johannes Berna
Timm Augustyn
Melanie Gibson-Byrne
Ravil Ismail
Gediminas Whitehurst
Rashed Head
Siham Moura
Molly Shtokalov
Darlenis Helal
Gabrielle Tikhomirova
Hanna Wraae
Emilio Williams
Leryn Henao
Eun Burton
Iain Kossayev
Laura Ng
Nicholas Ihle
Donglun Borlee
Patrick Navarro
David Jeong
Anastasia Biannic
Jana Yudin
Mohamed Nystrand
Toea Liptak
Jessica Sprenger
Peter Garcia
Ling Kromowidjojo
Hamid David
Jessica Garderen
Emmanuel Hornsey
Sven Nascimento
Vasilij Wang
Sanya Dreesens
Nacissela Makarau
Mikalai Bassaw
Kelly Kulish
Facinet Ratna
Michael Mirnyi
Szabolcs Culley
Kozue Martinez
Ahmet Polishchuk
Kay Coster
Casey Mccabe
Aldo Nicolas
Yasmin Brathwaite
DeeDee Montoya
Tyler Belmadani
Sascha Bentley
Dongho Jensen
Annari Simmonds
Delwayne Boon
Thomas Antonov
Mizuho Bennett
Elena Clark
Wissem Davies
Birhan Evans
Viktoriya Aguirregaray
Jussi Nesti
Jordan Ndoumbe
Kianoush Skrimov
Janin Aramburu
Marie-Pier Schultze
Nikolaus Milatz
Ling Langridge
Yury Mensah-Bonsu
Mate Montano
Mariusz Yang
Maurine Peters
Kay Rosa
Daniel Marburg
Jamila Rodhe
Almensh Zbogar
Evgeny May-Treanor
Yutong Pena
Ivana Lee
Oluwasegun Annabel
Marta Pyatachenko
Tatyana Mitrovic
Kelsey Bludova
Fanny Castillo
Georgia Tipsarevic
Rimantas Luca
Johana Pistorius
Matteo Nieminen
Alexis Diaz
Tarek Takahira
Hae-Ran Garcia
Alice Irabaruta
Mariya Gibson
Ravil Mokoena
Galen Kirpulyanskyy
Danielle Edlund
Henk Schorn
Jerome Pikkarainen
Norbert Feldwehr
Carlos Sekaric
Kyle Baddeley
Sviatlana Kable
Alexander Jiang
Sergey Zurrer
Jan-Di Kazlou
Jeneba Lee
Dathan Ziadi
Nourhan Benfeito
Arantxa Kalnins
Dagmara Balla
Yauheni Sokolowska
Brittany Crain
Fredy Melis
Casey Basic
Teun Tancock
Matteo Goncharova
Lene Zargari
Lauryn Powrie
Cristian Bennett
Tyson Tong
Shalane Shiratori
Francena Savchenko
Larissa Zhu
Diego Stojic
Margaux Glanc
Mostafa Kleen
Arnie Flaque
Benjamin Parker
Fabio Simonet
Nicola Socko
Iveta Blagojevic
Momotaro Khmyrova
Alexander Kurbanov
Daria Shkurenev
Mihai Correa
Azad Lavanchy
Marielis Findlay
Jonathan Niit
Bogdan Zavadova
Marry Gille
Francine Beaudry
Sergey Kain
Riza Bleasdale
Soufiane Odumosu
Bill Turner
Raphael Hardee
le Toksoy
Emanuele Oulmou
Peter Sloma
Angela Palomo
Peter Neethling
Michelle Kirilenko
Courtney Yankey
Robert Mothersille
Akvile Saedeleer
Daniel Hayashi
Roel Garcia
Vladimir Khousrof
Maung Cammareri
Al Shaw
Meagen Spellerberg
Thais Mihalache
Habibollah Smith
Mirna Seck
Margaux Jung
Snjezana Hostetler
Hanna Shaito
Sergey Barachet
Amine Lin
Thierry Ortiz
Mirac Ariyoshi
Tina Imboden
Jayde Madarasz
Yu Sakaguchi
Kaori Donahue
Lesley Bithell
Celeste Lapi
Marie-Andree Dalby
Carlos Dyatchin
Fabiana Boussoughou
Laurence Zyabkina
Gideon Kowal
Yasser Pannecoucke
Kayla Kim
Felix Verbij
Jolanta Vives
Emanuele Hussein
Jens Lavrentyev
Andrea Reilly
James Rosic
Daria Palermo
Maria Arismendi
Kelly-Ann Sundberg
Caroline Denayer
Shuai Muttai
Wallace Mejri
Kevin Giovannoni
Tianyi Boughanmi
Chia England
Lina Tjoka
Hovhannes Piccinini
Andriy Hrachov
Maja Orban
Iaroslav Jakabos
Hakim Svennerstal
Hamza Tomecek
Shane Wu
Niki Grangeon
Hyok Martinez
Roderick Nagai
Filippos Sinkevich
Danilo Chabbey
Kami Shabanov
Muradjan Maeda
Reza Egelstaff
Annamaria Yi
Dmytro Arms
Michal Jakobsson
Christin Brown
Shaunae Stoney
Nicolas Carou
Mathieu Pigot
Lukasz Rodrigues
Wouter Brennauer
Hamid David
Lauren Johnson
Guido Kanerva
Tina Lim
Marcia Amri
Konstadinos Voronov
Shana Halsall
Nanne Maree
Katya Kindzerska
Haojie Fernandez
Wesley Meftah
Inaki Miller
Marianna Ford
Kay Kouassi
Simon Martinez
Antonia Gercsak
Ardo Mastyanina
Austra Sekyrova
Guilherme Latt
Andre Takatani
Grainne Ross
Edwige Henderson
Odile Green
Koji Miyama
Ka Ilyes
Sarolta Michelsen
Malek Tomicevic
Viktor Santos
Nikola Zhang
Raphaelle Batum
Bianca Coleman
Selim Tregaro
Azusa Perkins
Melissa Guell
Irina Treimanis
Viktor Bielecki
Artur Teltull
Giovani Alflaij
Katarzyna Talay
Gabor Hochstrasser
Zsuzsanna Hodge
Carole Pyatt
Bumyoung Soares
Yawei Fourie
Shara Green
Priscilla Chitu
Beth Andrade
Leah Driel
Juan Shankland
Timm Augustyn
Linda Lotfi
Erasmus Flood
Cecilia Clapcich
Gabrielle Tikhomirova
Tinne Campriani
Raul Makanza
Arianna Lauro
Nicholas Bithell
Tamir Fazekas
Traian Chen
Rebecca Janic
Anett Kamaruddin
Kyle Koala
Peter Zyabkina
Asumi Colo
Stephanie Comas
Andreas Sinia
David Yaroshchuk
Henk Lee
Alex Kim
Anton Dlamini
David Male
Tilak Costa
Salima Nakano
Jorge Wilhelm
Urska Fijalek
George Gogoladze
Luis Petkovic
Almensh Zbogar
Inaki Milanovic-Litre
Carlos Mellouli
Natalia Benedetti
Jacques Ramonene
Jonathan Munoz
Laura Helgesson
Miryam Dunnes
Aries Coston
Anthony Kudlicka
Shinta Gong
Ivana Grubisic
Judith Williams
Lauren Subotic
Kevin Okori
Attila Sullivan
Ivo Bagdonas
Klaas Wykes
Jack Shafar
Fanny Castillo
Jamale Fu
Jongeun Kabush
Vincent Krsmanovic
Thomas Grubbstrom
Kobe Driebergen
Annabel Church
Hajung Cardona
Endene Samsonov
Aretha Hatton
Leandro Schuetze
Daniel Loyden
Rene Marques
Hassan Nichols
Ronja Marroquin
Glenn Liivamagi
Mohamed Silva
Rushlee Krsmanovic
Viktor Rangelova
Mebrahtom Fields
Darya Wu
Martin Mozgalova
Deron Estanguet
Olga Lobuzov
Niklas Donckers
Constantina Nagel
Kristina Walton
Joe Germuska
Adelinde Mangold
Benjamin Kempas
Andela Meauri
Levan Ingram
Marcin Dyen
Bilel Lazuka
Aleksandr Holliday
Kylie Ignaczak
Mohammed Sakamoto
Cian Purnell
Hope Cseh
William Polavder
Alberto Vidal
Martin Strebel
Brittany Askarov
Haakan Okrame
Sutiya Kida
Sibusiso Yudin
Stephanie Adlington
Gilles Zhang
Ivan Edelman
Rattikan Prapakamol
Yassine Bazzoni
Vaclav Mustapa
Konstadinos Houghton
Jan Gramkov
Sabrina Burns
Andreas Okruashvili
Tyler Borisenko
Nicholas Kudryashov
Lieuwe Lim
Luis Grand
Lynsey Bailey
Ling Langridge
Marc Ivezic
Scott Klein
Yumeka Cipressi
Jong Borysik
Lucia Price
Jangy Scott-Arruda
Monika Heidler
Gia Yoon
Rebecca Simon
Gabor Palies
Patricia Zhang
Sebastian Bayramov
Jarrod Kovalenko
Thuraia Voytekhovich
Par Awad
Sanah Ye
Alana Thiam
Apostolos Sharp
Anfisa Whalan
James Seferovic
Lyubov Gunnewijk
Sergey Abalo
Nick Osagie
El Rooney
Kevin Jeptoo
Natallia Sidi
Ekaterina Hernandez
Hui Ahmed
Louis Zhou
Agnieszka Iersel
Ling Kromowidjojo
Corine Kashirina
Joanna Ayvazyan
Lisa Peralta
Yige Rhodes
Ferenc Aydarski
Zac Ashwood
Paul Tsakmakis
Peter Wagner
Kamilla Rietz
Tina Ortiz
Christopher Philippe
Marcus O'leary
Fantu Nikcevic
Aldo Nicolas
Raissa Araya
Melaine Souleymane
Alexandr Liu
Luigi Marshall
Jehue Wild
Lyudmyla Dilmukhamedov
Francisca Mocsai
Cory Munoz
Ancuta Emmons
Xiaoxu Cardoso
Lucy Miller
Alex Nichols
Irene Russell
James Siuzeva
Aleks Eisel
Keith Pavoni
Jayme Suarez
Anna Hosking
Viktor McLaughlin
Ainhoa Taylor
Jaime Zhang
Thomas Antonov
Crispin Terraza
Omar Atkinson
Yulia Hostetler
Viorica Schwarzkopf
Mostafa Kleen
Debbie Mohamed
Coolboy Tian
Marin Absalon
Marjo Janusaitis
Luc Reyes
Marouan Ilyes
Jorge Lambert
Gilberto Bergdich
Christopher Gkolomeev
Pascal Davaasukh
Jennifer Medwood
Yadira Marghiev
Inaki Murphy
Sonata Raif
Joshua Capkova
Iuliana Costa
Bruno Szarenski
Natalia Kim
Lubov Begaj
Maria Steiner
Jakub Gondos
Richard Cremer
Kanako Zhang
Bashir Krovyakov
Shuo Emmanuel
Bianca Sekyrova
Iker Franek
Lucy Perez
Casey Hardy
Tian Abdvali
Daniel Verdasco
Mikhail Polaczyk
Jeremy Bowers
Richard Timofeeva
Dilshod Allen
Aleksandar Atafi
Yifang Narcisse
Sonja Ide
Miranda Mulligan
Craig Jaramillo
Joyce Broersen
Jun Zhudina
Marcus Lahbabi
Michael Hammarstrom
Yage Bruno
Emma Celustka
Takamasa Kasa
Danila Henao
Ayouba Carrington
Roc Bari
Hyok Maciulis
Nathan Zhang
Nazmi Patrikeev
Conrad Ji
Diego Smith
Beatriz Nooijer
Chia Bleasdale
Carine Karakus
Rene Chen
Damir Hendershot
Rahman Carboncini
Hakim Nyantai
Carla Anderson
Tatyana Mitrovic
Viktor Michshuk
Jennifer Athanasiadis
Benjamin Bilici
Xavier Hayashi
Renal Boskovic
Krista Dai
Martina Voronov
Zara Jung
Lauryn Bae
Mechiel Maric
Mahmoud Hession
Rafal Sidorov
Claudia Platnitski
Dorothy Abdvali
Marcin Cele
Todor Hernandez
Dirkie Yun
Tina Teutenberg
Marko Baltacha
Christopher Shubenkov
Hannah Barker
Sarah Zaidi
Keri-anne Kauter
Sajjad Ulrich
Joseph Lin
Mario Boninfante
Gonzalo Mirzoyan
Nikolina Khuraskina
Rand Fanchette
Aoife Pyrek
Fateh Kovalev
Xiangrong Palmer
Adrienne Buntic
Novak Solja
Luciano Ahmad
Ravil Mokoena
Gulsah Makarova
Jemma Mayr
Nazario Barrondo
Ryunosuke Hagan
Paul Khadjibekov
Tarik Atangana
Ellen Liivamagi
Michael Hultzer
Maksim Chibosso
Kristina Munro
George Matsuda
Fabio Truppa
Rosie Rapcewicz
Joan Fudge
Irina-Camelia Wilson
Nathalie Ionescu
Rhys Faber
Dobrivoje Mogawane
Ferenc Savsek
Mercy Brusquetti
Ayman Kaliberda
Francisco Irvine
Nadiezda Catlin
Kevin Zavala
Jelena Febrianti
Huajun Kerber
Jong Stoney
David Rossi
Zied Rumjancevs
Szabolcs Culley
Lisbeth Savani
Yu Chinnawong
Marvin Peltier
Atthaphon Starovic
Antoinette Silva
Jose Paldanius
Glenn Gonzalez
Artem Sanchez
Thomas Doder
Sarra Bainbridge
Paola Tai
Carolina Wang
Siham SCHIMAK
Inna Yu
David Schuh
Jade Kopac
Tyler Marennikova
Byungchul Lee
Edino Fuchs
Erica Nakagawa
Caroline Warlow
Yasemin Cavela
Fernanda Purchase
Christos Jo
Rebecca Gao
Petr Waterfield
Ana Reilly
Olga Jones
Shuang Cabrera
Stefan Li
Todd Kalmer
Rubie Sukhorukov
Larry Lapin
Ariane Nazarova
Christophe Tanii
Christina Petukhov
Mojtaba Polyakov
Petr Schiavone
Teresa Jing
Charline Chen
Xin Cuddihy
Anne-Sophie Gustavsson
Aymen Bespalova
Silvia Konukh
Kenny Faminou
Mervyn O'malley
Irada Velthooven
Sheng Romdhane
Olena Krsmanovic
Suzanne Viguier
Aleksandr Rutherford
Jane Paonessa
Nur Beisel
Katerina Riccobelli
Errol Benes
Clemens Mulabegovic
Gundegmaa El-Sheryf
Minxia Yu
Boniface Kanis
Gonzalo Pacheco
Brady Ruciak
Sverre Dawkins
Soufiane Odumosu
Liam Maley
Michal Bazlen
Clara Jeong
Mathew Phillips
Ihar Radwanska
Marquise Mohaupt
Lorena Marenic
Timo Caglar
Katie Park
Davit Asano
Rosie Fredricson
Sofya Mortelette
Ibrahima Louw
Peter Ochoa
Veronika Erichsen
Lauren Janistyn
Seoyeong Montoya
Radoslaw Sze
Alexis Diaz
Marina Ma
Francesca Rowbotham
James Yallop
Roberta Callahan
Valerie Penezic
Duhaeng Agren
Zurabi Lunkuse
Kristina Sireau
Limei Ioannou
Zicheng Bardis
Jennifer Marco
Sergej Yli-Kiikka
Marisa Rocamontes
Shuai Sudarava
Ryan Pota
Milos Pavoni
Elizabeth Cheon
Jan Merzougui
Anderson Guo
Athina Kula
Tavevele Kelly
Slobodan White
Zara Luvsanlundeg
Jinhui Brens
Didier Munoz
Katerin Pliev
William Vicaut
Ahmed Elkawiseh
Alexandru Govers
Meiyu Iljustsenko
Gal Pascual
Mona Colupaev
Maria Drais
Chana Borges-Mendelblatt
Krista Coci
Matteo Nieminen
Nicholas Howden
Helen Cheywa
Kasper You
Taoufik Geziry
Aleksei Rouwendaal
Stefan Noonan
Juan Kim
Werner Totrov
Michael Gigli
Heiki Outteridge
Petr Vicaut
Jade Jallouz
Rares Hsing
Agnese Bartakova
Ryosuke Ciglar
Ewelina Safronov
Yuliya Gomes
Michael Sjostrand
Yuderqui Mrak
Niki Batkovic
Kristina Hochstrasser
Timothy Francisca
Joao Ziadi
Iain Kossayev
Andres Liu
Lauryn Fujio
Murilo Rohart
Jarmila Hallgrimsson
Stefanie Thi
Adonis Kitchens
John Keefe
Alberto Bauza
Sultan Wilson
Tomasz Lanzone
Kamila Sakari
Darae Elsayed
Joseph Last
Carole Adams
Lina SCHIMAK
Alistair McGeorge
Madonna Kim
Jaele Sharp
El Toth
Sarra Larsen
Elea Li
Junjing Kang
Jaime Bruno
Carlos Hall
Kurt Tran-Swensen
Anabel Dominguez
George Fuente
Ibrahim Seoud
Line Emanuel
Christian Brata
Kanae Uriarte
Artur Munkhbaatar
Pawel Jensen
Hui Akutsu
Jemma Wang
Kate Bourihane
Nikolaus Milatz
Irina Song
Raul Baumrtova
Endri Clijsters
Jitka Tranter
Radhouane Klamer
Zamandosi Chuang
Lina Hassine
Gabrielle Raudaschl
Ingrid Papachristos
Vincent Lawrence
Robert Choi
Mizuho Suetsuna
Hang Slimane
Omar Hurst
Eva-Maria Speirs
Alena Davis
Zhe Hochstrasser
Katrien Na
Pavlo Stewart
Adrienne Kreanga
Paul Kitamoto
Josefin Lamdassem
Brendan Mendy
Grigor Suuto
Teresa Kim
Jiao Faulds
Iosif Wang
Charlotte Kachalova
Sally Fuamatu
Johan Arvaniti
Sarah Dovgun
Tapio Gorman
Mhairi French
Tamas Guo
Olha Lewis-Smallwood
Dmitriy Montano
Rodrigo Burke
Peng Kim
Chia-Ying Djokovic
Rodrigo Santos
Mai Csernoviczki
Asier Filonyuk
Ali Jallouz
Zamandosi Flood
Jianbo Janikowski
Ka Caulker
Kristian Surgeloose
Matias Tait
Mariela Mortelette
Marian Jager
Deni Yao
Neil Kopp
Paulo Seric
Britany Charlos
Andrea Lammers
Joel Giordano
Sebastian Makela-Nummela
Yayoi Buckman
Wei Hazard
Tarek Luis
David Al-Athba
Josefin Ifadidou
Rui Loukas
Katarzyna Gelana
Marina Murphy
Sanne Kuo
Timothy Goffin
Lucy Nakaya
Krystian Pen
Rebecca Ruta
Katherine Luca
Sabrina Abily
Aida Ganiel
Desiree Inglis
Ahmed Magdanis
Manuel Silva
Arlene Navarro
Mhairi Sommer
Toni Shevchenko
Rosie Aydemir
Hannah Lozano
Miguel Skujyte
Amine Najar
Anna Scozzoli
Neymar Kaczor
Raul Hoshina
Yifang Jang
Ivan Christou
Greggmar Benassi
Thomas Song
Hicham Hendershot
Melanie Disney-May
Automne Moline
Elena Belyakova
Travis Hammadi
Luis Booth
Miljan Henderson
Ana Dukic
Aldo Cerkovskis
Britany Oatley
Kay Rosa
Anthony Dahlgren
Alexa Loch
Neisha Liang
Brent Queen
Kerron Lee
Ganna Zonta
Mary Tomashova
Betkili Betts
Volha Mahfizur
Edith Sofyan
Kyung Kaifuchi
Eduarda Bartonova
David Lashin
Yanmei Matkowski
Vera Sene
Xuanxu Barnard
Ursula Ward
Lizeth Coertzen
Ahmed Chammartin
Peter Jang
Peter Sloma
Silviya Elaisa
Larisa Nagy
Lina Al-Jumaili
Mihnea Hamcho
Emma Chadid
Toea Robert-Michon
Charlotte Ranfagni
Elia Gittens
Younghui Karasek
Ligia Czakova
Marcel Sigurdsson
Aleksandar Sandell
Radoslav Susanu
Sarah Viudez
Bjorn Couch
Asafa Robles
Hendrik Tetyukhin
Ondrej Houssaye
Ayman Suursild
Georgina Manojlovic
Bruno Kiryienka
Kate Pink
Joel Tverdohlib
Shiho Berkel
Maryna Desprat
Chelsea Thiele
Slobodan Meliakh
Steven Solomon
Xavier Cox
Bin Iersel
Ferdinand Clair
Alexandra Solja
Julien Chen
Fabienne Bouw
Robert Skrzypulec
Mouni Malaquias
Lok Al-Athba
Laura Wu
Amy Kim
Kum Musil
Arnaud Gonzalez
Marvin Rice
Mateusz Metu
Destinee Kucana
Inmara Castro
Natasha Birgmark
Ryan Porter
Sviatlana Yin
Primoz Aubameyang
Jamie Kim
Tate Zucchetti
Hotaru Terceira
Boniface Eichfeld
Yugo Sesum
Ana Pavia
Yue Zargari
Casey Cullen
Selim Karagoz
Dominique Hall
Yumeka Guo
Luciano Telde
Gavin Sobhi
Jose Pedersen
Vladimer Sorokina
Paula Zhudina
Karen Avermaet
Yuderqui Sahutoglu
Silvana Erickson
Rodrigo Surgeloose
Henri Navruzov
Manuela Syllabova
Jinyan Bernard-Thomas
Flor Jonas
Angelica Lopez
Allison Musinschi
Saori Kienhuis
Elena Falgowski
Shannon Lapeyre
Nan Gionis
Marcelinho Pendrel
Milena Wojnarowicz
Nathan Freixa
Honami Kozhenkova
Andja Gabriele
Becky Wozniak
Ye Fitzgerald
Caroline Kirdyapkina
James Padilla
Woroud Baroukh
Sebastian Gamera-Shmyrko
Kozue Martinez
Erick Fedoriva
Vladimir King
Kazuki Leroy
Jennifer Kim
Annie Ali
Zargo Dehesa
Andisiwe Graham
Myung Kim
Claudia Butkevych
Alejandro Collins
Nadzeya Allegrini
Christinna Hudnut
Tim Phillips
Dorian Sauer
Claire Murphy
Hector Moutoussamy
Nuno Rajabi
Olesya Silnov
Maartje Fabian
Rizlen Errigo
Mel Quinonez
Magdalena Siladi
Peter Gonzalez
Susan Bluman
Olga Schofield
Wesley Truppa
Maja Balykina
Jeremiah Dean
Alvaro Tanatarov
Yihua Grunsven
Isiah Lacuna
Carlos Yakimenko
Zakia Zhurauliou
Ashley Saramotins
Tim Bernado
Jean Andrunache
Ian Rhodes
Micah Smith
Jing Aponte
Da-Woon Morkov
Silviya Saholinirina
Ser-Od He
Aman Schulte
Urs Kim
Christian Godin
Robert Dent
Jiaduo Calzada
Jesus Barrett
Sidni Sze
Massimo Groot
Georgios Kostiw
Roxana Edoa
Mariaesthela O'connor
Kate Scheuber
Viktoriia Mathlouthi
Nam Baga
Mattia Sanchez
Clara Fuentes
Kasper Addy
Kyung Steffensen
Veronika Wruck
Lukasz Kovacs
Dominic Seppala
Pierre-Alexis Valiyev
Francis Thiele
Hichem Schwarz
Nelly Rumjancevs
Kateryna Mitrea
Richard Kaniskina
Andy Maier
Victor Kondo
Eusebio Wallace
Mariana Selimau
Marlene Cabrera
Ebrahim Baggaley
Denis Gonzalez
Blair Stratton
Concepcion Vasilevskis
Alvaro Viljoen
Marco Dries
Joseph Nielsen
Zi McColgan
Alejandra Ndong
Silke Nam
Robbert Kanerva
Pui Na
Kelly Kulish
Kathleen Jo
Andile Li
Georgios Antal
Iryna Radovic
Amel Kim
Fabiana Hortness
Jessica Ochoa
Princesa Firdasari
Natalia Manaudou
Nikita Kirdyapkina
Xiayan Harden
Jordan Voglsang
Tatyana Wang
Michael Sinia
Katya Baddeley
Ondrej Kitchens
Simas Takahashi
Midori Seraphin
Wassim Matsumoto
Ai REICHSTAEDTER
Guojie Timofeyeva
Danielys Butler
Zohar Iwashimizu
Simone Abrantes
Viktorya Schmidt
Thi Kostadinov
Norman Weltz
Leith Clear
Marleen Rodrigues
Arnaud Feck
Cristian Ghasemi
Desiree Kavcic
Birhan Ryan
Xueying Hillmann
Attila Tafatatha
Myung McCafferty
Daniele Babaryka
Natalia Gatlin
Lucie Yang
Boglarka Vacenovska
Natalia Child
Pavel Lambarki
Anthony Mizutani
Albert Barthel
Paula Darzi
Iain Hartig
Nahomi Jobodwana
Ubaldina Ziegler
Jo-Ting Losev
Lina Kubiak
Valentyna Townsend
Dauren Smulders
Sangjin Hindes
Nourhan Benfeito
Ioannis Martinez
Lidiia Ng
Sara Campbell
Andrija Peker
Julian Mehmedi
Christine Heglund
Eric Silva
Lyndsie Dudas
Lucy Maguire
Lucia Berens
Annemiek Arikan
Benjamin Kuramagomedov
Irene Kreisinger
Greta Apolonia
Tassia Grotowski
Lauryn Powrie
Wilson Sauvage
Doris Wilke
Olga Nguyen
Maria Smith
Dmytro Golding
Anna Tomic
Jeneba Lee
Wai Schoeman
Laura Neben
Nguse Byrne
Yakhouba Garcia
Silvia Nakamoto
Wenjun Taimsoo
Oriol Gonci
James Pohrebnyak
Matt Waite
Dante Ma
Evgeni McDonald
Byunghee Filipe
Katerine Podlesnyy
Rasul Tichelt
Gabriella Sarup
Colin Nakayama
Ines Kovtunovskaia
Caitlin Carli
Camille Andersen
Noraseela Podrazil
Stanislav Cherobon-Bawcom
Chia Hilario
Bohdan Kostelecky
Seen Flores
Anastasiya Rupp
Keri-anne KORSIZ
Timothy Li
Petar Bauwens
Robert Gan
Chuyoung Sokolowska
Naomi Gattsiev
Monika Hwang
Paula Pamg
Alexey Gille
Eva Hirata
Michael Vasco
Jordan Panizzon
Ana Tursunov
Victoria Abarhoun
Kristina Cerutti
Jake Claver
Afgan Mrvaljevic
Petar Dominguez
Yumi Buerge
Ning Chen
Elena Coster
Nick Schodowski
Andre Romeu
Taehee Bondaruk
Aksana Baniotis
Simone Morin
Diego Dahlkvist
Katerina Saenz
Serhiy Robinson
Rachel Jelcic
Emma Wei
Carrie Spellerberg
William Bindrich
Sarah Guzzetti
Mohamed Koo
David Jeong
Mikaela Iwao
Ingrid Fogarty
Jean-Christophe Kirkham
Mana Konyot
Krisztian Ida
Sinta Denisov
Zakari Isakov
Travis Ponsana
Carles Solesbury
Nestor Seric
Mindaugas Saleh
Daniele Nurmukhambetova
Luol Mooren
Aylin Maurer
Hans Haldane
Liangliang Miller
Olivier Zhang
Ahmed Korzeniowski
Telma Andrunache
Nicolas Dotto
Georgie Santos
Bruno Oliver
Ahmed Kurthy
Daniela O'malley
Nils Guzzetti
Akeem Ngake
Meredith Yu
Burcu Bacsi
Georgina Zuniga
Glenn Defar
Natalia Akwu
Maialen Uriarte
Dragos Stone
Ali Milthaler
Robin Vesely
Elodie Arcioni
Sandrine Yumira
Giulia Schwanitz
Nataliya Nielsen
Tervel Pilipenko
Gauthier Alimzhanov
Ivan Caballero
Ruoqi Nowak
Kristian Yamaleu
Radhouane Cawthorn
David Moutton
Jacqui Maher
Jamila Rodhe
Faith Kim
DeeDee Montoya
Elena Quinonez
Stephanie Piasecki
Julieta Pars
Andrea Desta
Tina Susanu
Johana Carman
Rand Gilot
Joyce Kuehner
Duane Skvortsov
Marianne Li
Khalil Shi
Phuttharaksa Signate
Flor Magnini
Dylan Espinosa
Viktor Lamdassem
Barry Utanga
Jonas Vlcek
Tugce Vozakova
Darrel Yamane
Joao Brecciaroli
Laura Dundar
Karsten Thompson
Anzor Gu
Sehryne Akrout
Marcel Gustafsson
Svetlana Dieke
Donald Guderzo
Hao Fukumoto
Sylwia Kiss
Zhiwen Piron
Sabina Williams
Daniela Gavnholt
Nguyen Ozolina-Kovala
Kumi Lewis-Francis
Fatih Eisel
Vasyl Geijer
Hung Mutlu
Piotr Rabente
Lara Siegelaar
Marcus Khalid
Jose Uhl
Sebastian Drame
Niki Klimesova
Ioannis Mockenhaupt
Aleksei Wang
Mannad Khitraya
Nicola Belikova
Elisabeth Santos
Ahmed Saladuha
Lucy White
Anabel Kal
Volha Otsuka
Kwan Otsuka
Thiago Bruno
Geoffrey Plotyczer
Dora Veljkovic
Miki Zhang
Phelan Poulsen
Mie Hall
Pietro Walker
Schillonie Benaissa
Maximiliano Matsumoto
Ryan Prasad
Kristy Zhu
Andrei Masna
Holder Lamont
Susana Neymour
Kari Halsted
Eric Sawa
Mohamed Thomas
Brad Ogimi
Jianbo Megannem
Laetitia Manuel
Fineza Primorac
Milena Vogel
Mark Turner
Andrew Negrean
Hiroshi Schuring
Brice Agliotti
Yukiko Nicolai
Adam Zaripova
Johannes Berna
Eloise Balooshi
Teodor Wilson
Yasmin Soliman
Aniko Ahmed
Dieter Schooling
Gulcan Burling
Grant Watkins
Ross Nakamura
Asgeir Dzerkal
Tina Ipsen
Alex Hosnyanszky
Sebastian Lelas
Ho Thunebro
Micheen Zhang
Nina Sornoza
Rachel Burrows
Jessica Unger
Tamara Cafaro
Kaylyn Chavanel
Braian Osayomi
Yasmin Brathwaite
Christina Maneephan
Natalie Barbosa
Kimberley Obiang
Daniel Blazhevski
Emma Alphen
Christian Zambrano
Mate Montano
Sergio Ivankovic
Shijia Conway
Dong-Young Kim
Laura Boyce
Mayara Trinquier
Simon Alphen
Aaron Santos
Gulnara Deeva
Jo-Wilfried Schornberg
Jie Gebremariam
Shota Michta
Tim Mankoc
Jane Trotter
Line Naylor
Suzanne Silva
Astrida Roche
Roderick Huang
Iveta Blagojevic
Azneem Sharapova
Silvia Chaika
Ioulietta Assefa
Nadia Jung
Lucie Kryvitski
Westley Tatalashvili
Geraint Traore
Mikhail Vlcek
Matthieu Wang
Florian Filova
Kelsey Grumier
Dan Sinker
Donglun Borlee
Sophie Ahmadov
James Hsiao
Brian Boyer
Maoxing Bedik
Theodora Conway
Pavel Lepron
Femke Gelana
Seyha Balogh
Dalibor Vidal
Anna Menkov
Ava Rusakova
Mike Bostock
Nicholas Mitchell
Giorgia Borisenko
Zouhair Ri
Audrey Pulgar
Reine Huertas
Hyelim Villaplana
Alicja Kamionobe
Francois Spanovic
Michel Sano
Zhuldyz Hoxha
Nicolas Aranguiz
Augustin Lozano
Andreas Paonessa
Hongxia Tan
Angelo Uhl
Will Mehmedovic
Javier Volosova
Natsumi Pohlak
Henna Causeur
Komeil Menchov
Layne Smith
Lisa Wang
Olesya Nielsen
Cristiane Forciniti
Cedric Subotic
Barbora Parellis
Danijel Carriqueo
Hanna Gynther
Adam Houssaye
Erasmus Perez
Chien-Ying Fraser-Holmes
Tina Boidin
Sadio Chouiref
Juan Tourn
Sebastian Sorribes
Yimeng Amaris
Stephanie Kieng
Kelsey Bludova
Chantae Matuhin
Abdullah Jiao
Job Kretschmer
Fabio Figes
Nils Pascual
Uvis Fuchs
Alexander Herrera
Mona Taibi
Seiya Railey
Radoslaw Robles
Kathleen Schmidt
Dani Loukas
Kaspar Brown
Ana Williams
Alejandro Abdi
Ana Dukic
Heather Billings
Lucia Maksimovic
Ioannis Mcmenemy
Konstadinos Justus
Yasunari Inzikuru
Xiang Diaz
Lissa Drmic
Ahmed Weir
Geir Brash
Joanna Dlamini
Guojie Timofeyeva
Stuart Gaitan
Samira Marcilloux
Victoria Homklin
Tate Zucchetti
Daniele Kobrich
Toea Liptak
Louisa Tomas
Sarolta Bakare
Roland Deak-Bardos
Princesa Firdasari
Grace Williams
Gabor Almeida
Joshua Fenclova
Guzel Castillo
Goran Driouch
Joao Brecciaroli
Edino Fuchs
Julia Dovgodko
Tatyana Wang
Witthaya Cragg
Alex Hosnyanszky
Danijel Paderina
Daniel Verdasco
Lucy Nakaya
Oliver Mokoka
Yu Sakaguchi
Aldo Nicolas
Soslan Fernandez
Malek Greeff
Sayed Savitskaya
Vitaliy Robson
Emanuele Oulmou
Jolanta Walker
Marton Coetzee
Kemal Dinda
Igor Cemberci
Brady Mendonca
Gabor Palies
Robert Marennikova
Laure Shanks
Ji Stewart
Harry Velikaya
Christa Kvitova
Westley Febrianti
Guillaume Colle
Stephanie Kieng
Jan Peilbet
Tianyi Boughanmi
Betkili Betts
Alex Adigun
Fateh Kovalev
Jeff Larson
Travis Ponsana
Samira Grubisic
Jason Vargas
Joshua Ovono
Vladislava Tichelt
James Chetcuti
Oribe Bidaoui
Michael Tayama
Nicola Hosking
Hannah Rigaudo
Jaleleddine Achola
Irina Treimanis
Jade Kopac
Andreas Okruashvili
Jaime Shevchenko
Kelly Olivier
Mohamed Thomas
Monia Pavon
Sophie Graff
Hui Akutsu
Abdihakem Li
Christian Bidaoui
Alexa Loch
Carsten Puotiniemi
Abiodun Rogers
Fabiana Parsons
Michelle Gueye
Diletta Tindall
Endene Samsonov
Antonija Dilmukhamedov
Georgina Manojlovic
Wanner Teshale
Alex Zhang
Anastasia Biannic
Ken Roland
Lorena Bosetti
Pops Terlecki
Sandrine Lapeyre
David Shvedova
Lionel Shabanov
Arkady Pryiemka
Gulsah Makarova
Grainne Ross
Zouhair Ri
Aretha Marino
Gilles Zhang
Emmeline Vasilionak
Murat Quintino
Michel Sano
Denes Venier
Myong Kozlov
Fiona Granollers
Nathan Nishikori
Olivia Gascon
Olena Turei
Mattia Saramotins
Adrienn Paratova
Bruna Gall
Ondrej Fang
Georgina Issanova
Khadzhimurat Wilkinson
Anna Menkov
Iain Hartig
Mohamed Steele
Yulia Hostetler
Matteo Gordeeva
Ricardo Kim
Gianluca Zhang
Dominique Hall
Esmat Nicholson
Teklemariam Fabre
Lidia Glover
Vladimir Benedetti
Amy Mizzau
Afgan Mrvaljevic
Sergey Medhin
Emmanuel Barbieri
Antony Williams
Jesus Barrett
Georgi Dent
Svetlana Wang
Nikolaus Milatz
Vera Scarantino
Lalita Wang
Ho Thunebro
Risa Synoradzka
Rizlen Mrisho
Herve Kasa
Alexander Mccabe
James Wilson
Annie Ali
Siraba Davenport
Katarzyna Talay
Bruno Kiryienka
Grzegorz Tipsarevic
Aleks Eisel
Aleks Pirghie
Constantina Nagel
Urska Fijalek
Marcelinho Hrachov
Ai Portela
Lisa Ledecky
Andre Qin
Dae-Nam Dunkley-Smith
Anna Rosario
Ara Hashim
Thomas Doder
Bianca Coleman
Hamid David
Hiroki Klokov
Hyobi Magnini
Jarred Selimau
Ratanakmony Baniotis
Carla Anderson
Azad Honeybone
Tim Lehtinen
Pavel Lambarki
Michael Stublic
Debora Moguenara
Ubaldina Ziegler
Tyler Payet
Emma Wei
Ashley Scott
Jennifer Yu
James Brooks
Viktorya Schmidt
Maria Smid
Marius Davies
Volha Otsuka
Tamara Cafaro
Aselefech Gkountoulas
Yunwen Crous
Nicola Kovalev
Haley Pishchalnikov
Daniele Babaryka
Timothy Francisca
Tatjana Henriquez
Kacper Napo
Andrei Yazdani
Viktor McLaughlin
Fantu Nikcevic
Jirina Hojka
Roberto Miller
Gonzalo Gough
Xiaoxia Yamagata
Dora Veljkovic
Anna Prucksakorn
Denis Machado
Marco Sagmeister
Iuliia Barseghyan
Maria Drais
Anaso Booth
Jonathan Glanc
Lok Al-Athba
Johnno Listopadova
Ilya Marcano
Radu Colley
Javier Branza
Anja Cojuhari
Taoufik Geziry
Tyler Belmadani
Kevin Dawidowicz
Jens Lavrentyev
Ned Vieyra
Krisztian Ida
Keon Mcculloch
Nikolaus Svendsen
Eva Mocsai
Sonata Raif
Lok Poglajen
Niklas Capelli
Sarah Kim
Kelley Nurmagomedov
Miroslava Isakov
Tina Ipsen
Miranda Mulligan
Megan Abdalla
Charlotte Taylor
Micah Smith
Sergio Calzada
Tarjei Clary
Rosie Rapcewicz
Andres Shi
Nicholas Rosa
Marco Stanley
Luuka Zhang
Anton Gu
Kristina Sokhiev
Julien Chen
Daouda Martelli
Ziwei Braas
Tiff Fehr
Marc Ivezic
Anna Beaubrun
Larry Lapin
Ariane Nazarova
Sung Dyadchuk
Chris Keller
Onan Kim
Nam Baga
Yoshimi Szucs
Dragos Stone
Roline Camilo
Zach Esposito
Dathan Ziadi
Elena Falgowski
Sergii Tellechea
Kanae Bracciali
Andrey Si
Tomasz Jang
Elena Costa
Nurul Amanova
Panagiotis Watanabe
Caster Gong
Jehue Wild
Hans Haldane
Muhamad Idowu
Euan Gunnarsson
Germain Detti
Alexandra Sanchez
Sandeep Karayel
Ravil Ismail
Vignir Charter
Oliver Parti
Ahmed Elkawiseh
Reika Elgammal
Ryoko Goubel
Mihnea Hamcho
Todd Istomin
Ioulietta Assefa
Fredy Ezzine
Guzel Kahlefeldt
Jazmin Lee
Thomas Shen
Jonathan Endrekson
Deron Estanguet
Nenad Blerk
Xing Djerisilo
Nelson Accambray
Sidni Sze
Sven Contreras
Timea Nus
Hongyan Collins
Mindaugas Saleh
Sarah Lokluoglu
Daniele Carrascosa
Carole Pyatt
Diego Udovicic
Lankantien Kristensen
Amanda Svensson
Viktoriia Madico
Yumi Gray
Hye Wallace
Anderson Schenk
Winston Li
Shea Zhang
Mateusz Mendoza
Russell Fukuhara
Marios Lima
Akeem Ngake
Fabiana Hortness
Hreidar Godelli
Danijel Grandal
Francisca Mocsai
Akzhurek Whitty
Abdullah Jiao
Katherine Luca
Serhiy Bisharat
Zakia Zhurauliou
Hun-Min Soroka
Jan-Di Resch
Takamasa Kasa
Davit Asano
Michelle-Lee Abril
Eric Rolin
Ganna Zonta
Olesya Silnov
Luke Mamedova
Danilo Chabbey
Ilona Harrison
Ivan Edelman
Evagelos Felix
Ediz Gorlero
Valerie Battisti
Hyelim Villaplana
Robert Gan
Sophie Aliyev
Aina Gavrilovich
Jose Overall
Sonja Ide
Doris Wilke
Eric Gogaev
Marouen Tatari
Carole Adams
Suhrob Jacob
Kris White
Aoife Pyrek
Andrei Masna
Sandra Engelhardt
Darya Okruashvili
Nicole Kovalev
Velichko Connor
Angelo Uhl
Jiaduo Calzada
Natthanan Caluag
Mie Callahan
Ifeoma Lahbabi
Jan Ryakhov
Kyung Steffensen
Mykyta Euren
Lisa Atlason
Dave Scott
Mamorallo Holzer
Georgina Oldershaw
Carolina Macias
Won Davison
Jun Szczepanski
Oleh Chinnawong
Carlos Dyatchin
Kyle Chamberlain
Maria Choi
Olha Lewis-Smallwood
Dana Hassnaoui
Salima Nakano
Mojtaba Polyakov
Wade Dimitrov
Melissa Glynn
Rosario Rulon
Marie Vourna
Amy Schipper
Nyam-Ochir Yauhleuskaya
Romulo Simanovich
Tontowi Benedetti
Mclain Rakoczy
Alyssa Fouhy
Amy Prevot
Grzegorz Kohistani
Jukka Barros
Maria Arismendi
Steven Kostelecky
Shannon Lapeyre
Joel Kammerichs
Tarek Takahira
Meghan Sato
Alexander Hansen
Bogdan Beaubrun
Olga Castano
Maksim Loza
Jihye Gregorius
Xiaoxiang Lan
Jeroen Zhurauliou
Joseph Bartley
Andrew Meliz
Pierre-Alexis Valiyev
Alexander Vandermeiren
Nuria Saenko
Evelin Niyazbekov
Natalya Prorok
Ying Marinova
Njisane Saleh
Elania Rodionova
Giorgia Kleinert
Olga Richards
Joao Dovgodko
Shane Choi
Yanfei Nono
Rhett Donato
Johan Arvaniti
Desiree Inglis
Marcelinho Pendrel
Jessica Garderen
Tarik Atangana
Lucy Burmistrova
Saulius Sinnig
Alexey Estes
Pedro Kim
Hursit Gestel
Patrick Whalen
Tom Ptak
Donglun Rohner
Daniel Kouassi
Manabu Medvedev
Amel Kim
Erik Plouffe
Lalonde Koski
Michael Sinia
Lei Estrada
Ayele Bleibach
Igor Turner
Nigel Hejmej
Aleksandr Inthavong
Ryan Ovtcharov
Micah Pigot
Christopher Stafford
Rodrigo Burke
Dorde Pereira
Marina Murphy
Sara Friis
Kristi Melo
Lucy Miller
Artur Darien
Stany Spellerberg
Cornel Ding
Sergiu Merrien
Ferenc Aydarski
Neil Kopp
Timothy Goffin
Dmytro Golding
Victoria Monteiro
Luis Li
Sarah Dovgun
Giovanni Kovacevic
Selim Karagoz
Stephanie Sofyan
Bernard Yip
Haojie Fernandez
Weiyi Kirpulyanskyy
Irina Tukiet
Arnaldo Shulika
Meiyu Prasad
Saori Kienhuis
Janko Ochoa
Haibing Lee
Chui Jacobsen
Kobe Driebergen
Simone Brathwaite
Sergio Thompson
Kasper Schops
Anne Houghton
Seoyeong Montoya
Tatsuhiro Thompson
Maureen Makanza
Edgars Meshref
Won Teltull
Eloyse Vocht
Nastassia Croenen
Tanyaporn Mazuryk
Katarzyna Norgaard
Dakota Ulrich
Vincent Cogdell
Dilshod Allen
Ali Wang
Jan-Di Aydarski
Kenny Faminou
Sebastian Flores
Nicola Belikova
Hyun Persson
Hao Kostelecky
Thomas Antonov
Rene Marques
Sophie Giorgetti
Nicola Chan
Sergey Kain
Polona Garderen
Florian Schrade
Jurgen Granollers
Gretta Tang
Ni Robinson-Baker
Krystian Pen
Rasmus Rindom
Egidio Kleiza
Yeon-Koung Fernandez
Jefferson He
Nestor Seric
Shinta Gong
Anja Barzola
Hedvig Alameri
Fabiana Saka
Elia Gittens
Elodie Muniain
Anthony Machavariani
Xuanxu Barnard
Noor Borzakovskiy
Sabrina Burns
Azusa Richter
Marian Atkinson
Sabina Williams
Nuttapong Bewley
Eun Burton
Judith Plotyczer
Jean-Julien QUINTERO
Da-Woon Morkov
Oleg Dyadchuk
Joel Csernoviczki
Dan Sinker
Jennifer Mogushkov
Nikola Zhang
Oliver Grumier
Ilona Chamley-Watson
Chien-Ying Fraser-Holmes
Sandra Kaukenas
Louise Fernandez
Mercy Nakamoto
Sviatlana Kable
David Svarc
Kirsten Wang
Aleksey Pahlevanyan
Therese Stewart
Frano Mendelblatt
Konstadinos Troicki
Carolina Wang
Adrian Lidberg
Lea Besbes
Hodei Phoenix
Ivano Tetyukhin
Onan Weale
Marina Kasa
Jongwoo Sin
Chia Jensen
Binyuan Kumagai
Stephanie Piasecki
Sergio Ivankovic
Tom Anderson
Dorothy Abdvali
Megumi Liu
Giacomo Koski
Gulcan Burling
Jessica Basalaj
Mel Morrison
Duane Skvortsov
Hamish Drabenia
Nevin Hurtis
Emanuel Taleb
Gretta Aramburu
Olga Weel
Pavlos Nicolas
Wenwen Samilidis
Mikhail Vlcek
Ndiatte Brown
Charline Chen
Nadezda Plouffe
Thomas Song
Yasmin Soliman
Louise Mrisho
Sergi Mohr
Mary Tomashova
Stsiapan Kaun
Sebastian Lelas
Matt Waite
Dana Potent
Younggwon Fabre
Rosie Aydemir
Dorian Taylor
Josefin Ifadidou
Nathan Barnhart
Ebrahim Maeyens
James McNeill
Jihane Rulon
Chu Willis
Cristian Ghasemi
Camille Giglmayr
Micheen Zhang
Peter Howieson
Ludwig Pishchalnikov
Frithjof Urtans
Guzel Mangold
Noureddine Filipe
Jong Borysik
Mohamed Koo
Helge Saladino
Kate Pink
William Girard
Julian Mehmedi
Lee-Ann Song
Denis Rezola
Lukasz Dudas
Elena Michan
Audrey Martin
Yasmin Brathwaite
Shana Halsall
Patrick Miles
Elmir Sorribes
Artur Munkhbaatar
Jessica Bolat
Mario Agahozo
Niki Grangeon
Pietro Warfe
Grete Skydan
Line Emanuel
Mhairi French
Miles Robertson
Iryna Radovic
Urszula Heffernan
Yutong Pena
Viktoriia Glavnyk
Veronique Caianiello
Reza Hoovels
Irakli Wang
Patrick Kiyotake
Benjamin Reinprecht
Valentino Ferguson-McKenzie
Aleksandar Fasungova
Mark Bennett
Mahe Ivashko
Krzysztof Vesovic
Joel Scanlan
Luol Mooren
Christin Brown
Lucy Maguire
Fatih Eisel
Sam Lahnsteiner
Wenling Aguiar
Joachim Jennings
Aleksandrs Castellani
Jo-Wilfried Schornberg
Artur Talbot
Ibrahima Csima
Byambatseren Resch
Andile Li
Florent Gu
Marianna Ford
Yadira Marghiev
Margaux Glanc
Szymon Silva
Victoria Salopek
Kasper Addy
Nadiezda Catlin
Christianne Kalmer
Michael Hammarstrom
Karin Myers
Annamaria Crothers
Jinyan Bernard-Thomas
Stevy Fernandez
Daria Shkurenev
Wing McMillan
Rafal Saedeleer
Morgan Akkar
Ahmed Harrison
Elodie Arcioni
Daria Palermo
Isabel Boccard
Todor Tong
Eric Birca
Rachel Kostelecky
Seongeun Magdanis
Marta Kiala
Grete Makaranka
Katie Park
Louise Jin
Eloy Rasmussen
Jessie Vlahos
Taimuraz Melis
Antonija Shelley
Bahar Deligiannis
Anouar Felix
Yoo Miller
Sau Jordan
Francois Achour
Ferdinand Clair
Mariya Gibson
Lisa Poistogova
Larissa Cortes
Wassim Matsumoto
Luisa Barros
Leire Saltanovic
Patrick Navarro
Hakim Svennerstal
Laura Khokhlova
Peter Ochoa
Carolina Rondelez
Jacob Harris
Nina Krause
Guillermo Kim
Taehee Moberg
Abdalaati Rodriguez
Roberta Callahan
Eslam Kaifuchi
Harry Brunstrom
Anastasiya Rupp
Javier Volosova
Marcin Mihamle
Alexander Valois-Fortier
Shehab Makhloufi
Claudia Kavanagh
Marcus Orban
Ines Wong
Alan Gaspic
Nahla Zhedik
Thiago Bruno
Vicky Florez
Jose Paldanius
Andre Takatani
Mohammad Li
Mechiel Schulz
Yibo Al-Jumaili
Melissa Guell
Luciano Ahmad
Jose Uhl
Becchara Pareja
Dana Zagame
Ahed Alilovic
Doyler Ledaki
Mikhail Weel
Emmanuel Mukasheva
Antoinette Silva
Samantha Lin
Larissa Zhu
Jin Pontifex
Janne Bouw
Giulia Schwanitz
Ion Hutarovich
Martyn Stasiulis
Branden Cavela
Jens Tuimalealiifano
Spyridon Zhou
Anita Wright
Adnane Kim
Johanna Khinchegashvili
Jacqui Maher
Mario Daroueche
Raul Makanza
Kwan Scherer
Nelly Rumjancevs
Zac Ashwood
Ying Dancette
Vladimir Dehghanabnavi
Richard Warren
Andreas Stanning
Ivan Versluis
Angel Cash
Gloria Martinez
Lianne Schuring
Petra Sakai
Katerina Riccobelli
Elizabeth Smith
Lyubov Gunnewijk
Omar Canitez
Georgios Gigli
Laetitia Yamauchi
Ivan D'almeida
Helen Cheywa
Hichem Schwarz
Martin Strebel
Olga Asgari
Sergey Abalo
Njisane Arkhipova
Leonardo Ghebresilasie
Ramon Kirkham
Urs Kim
Simone Morin
Dorothy Reckermann
Dion Pavlov
Marc Gebremedhin
Anna Holzdeppe
Michael Caceres
Milan Ekberg
Tyson Knezevic
Mylene Haywood
Aneta Cardoso
Charlotte Kachalova
Krystian Kean
Cristiane Forciniti
Mulualem Rodriguez
Romana Wu
Joshua Capkova
Malin Manie
Luca Lee
Hannah Knioua
Benjamin Kuramagomedov
Ates Wenger
Ivan Penny
Glencora Ebbesen
Mehdi Li
Aries Coston
Moritz Muller
Diego Shing
Gaetane Desprat
Leah Driel
Robin Vesely
Lei Lee
Olivier Akwu
Ratanakmony Prutsch
Norman Chen
Enia Esterhuizen
Judith Zhu
Liangliang Miller
Juan Lovric
Alfonso Jneibi
Adam Jezierski
Elena Modenesi
Antoine Vidrio
Xiaodong Dulko
Rohan Braun
Pilar Wilson
Clara Mason
Jamila Rodhe
Olga Kasza
Phillipp Al-Mashhadani
Bojana Erakovic
Muhamad Sanders
David Dawidowicz
Lieuwe Schneider
Robert Kang
Gemma Wang
Julia Olsson
Ryo Smith
Kerron Saedeleer
George Terpstra
Amine Lin
Tomasz Gkountoulas
Wai Mazic
Lihua Ivanova
Ivana Monteiro
Andriy Hrachov
Lauren Subotic
Yevgeniy Gushchina
Thiago Malave
Luis Petkovic
Kylie Ignaczak
Aida Olesen
Richard Scarantino
Scott Klein
Saul Huddle
Lisa Edgar
Christina Maneephan
Zinaida Birarelli
Artem Daluzyan
Jan-Di Ilias
Adrian Melzer
Rhys Faber
Thi Kostadinov
Kaori Donahue
Desiree Khachatryan
Ricardo Barnaby
Natalia Benedetti
Gideon Kowal
Kelita Wood
Tomas Rodriguez
Silke Nam
Trevor Peno
Baorong Mir
Chi Kim
Tim Csonka
Karolina Wells
Agnieszka Skhirtladze
Natalia Akwu
Pamela Fuchs
Gediminas Whitehurst
Benjamin Schlosser
Yuderqui Mrak
Matylda Muncan
Lijiao Fumic
Arseniy Janik
Wenjun Taimsoo
Daniela Schleu
Janelle Ovchinnikovs
Michael Gigli
Xiang Pocius
Nathan Freixa
Oscar Poistogova
Xavier Kiprop
Sidarka Smelyk
Josefin Ma
Nicola Saranovic
Ville Grandal
Emmanuel Figere
Sergej Ayalew
le Toksoy
Ahreum Sum
Bruno Williams
Luca Kipyegon
Alexander Wei
Tim Phillips
Kay Coster
Matthew Chakhnashvili
Juan Crow
Haakan Okrame
Omar Jon
Glenn Defar
Sajjad Oriwol
Anfisa Whalan
Brendan Hanany
Matthieu Wang
Beth Guo
Fetra Shemarov
Ivan Kim
Gemma Gaiduchik
Abdelaziz Durant
Vladimir Rodriguez
Oleksiy Ferrer
Krisztina Petzold
Sonia Williams
Karen Okruashvili
Boglarka Vacenovska
Mike Bostock
Birhan Ryan
Carolina Borman
Byunghee Filipe
Katerine Podlesnyy
William Salminen
Elena Felix
Chui Aymerich
Yohan Miljanic
Pierre-Alexis Tom
Gergo Faulkner
Ranohon Montano
Suji Gallantree
Spiridon Elkhedr
Juliane Kim
Ciaran Susanu
Rena Jankovic
Tervel Rojas
Flor Magnini
Thomas Boggiatto
Panagiotis Mucheru
Methkal Grabich
Simone Moreau
Yavor Gonzalez
Bahar Febrianti
Hyun Strebel
Anderson Oh
Brian Boyer
Jana Rendon
Shuai Sudarava
Dzmitry Busienei
Macarena Jorge
Mara Deroin
Heiki Outteridge
Georgios Antal
Mathieu Pigot
Eva Hirata
Qiang Hradecka
Paula Pizzo
Behdad Trowbridge
Sofiane Satch
Roderick Nagai
Rajiv Fogarty
Marie Kim
Darae Elsayed
Eric Lemaitre
Marius-Vasile Biezen
Yusuke Kuziutina
Didier Munoz
Francis Thiele
Augustin Lozano
Un Avramova
Keigo Lekai
Monika Heidler
Blaza Frolov
Joao Shavdatuashvili
Ibrahim Oie
Caroline Denayer
Rikke Ayeko
Thomas Jurkowski
Tarek Luis
Pascal Deligiannis
Jamie Kinderis
Victor Kondo
Marlene Nicholson
Zhizhi Kehoe
Clemens Cordon
Carmen Akkaev
Denis McIntosh
Leith Clear
Lesley Bithell
Mikolaj Sawa
Benjamin Pietrus
Marcia Ser
Aaron Purevjargal
Nikolina Khuraskina
Vera Sene
Inmara Castro
Vicente Shemarov
Nicolene Jeong
David Junior
James Aniello
Christine Bonk
Glenn Filandra
Yana Elmslie
Nick Osagie
Teodor Wilson
Nicolas Dotto
Wanida Barjaktarovic
Sergey Almeida
Francesca Rowbotham
Elco Williams
Lidiia Ng
Tosin Mckendry
Aurelie Kirkham
Dorde Leboucher
Dalibor Vidal
Evgenia Kechrid
Mizuho Bennett
Lotta Tereshchuk
Christina Vesela
Giovani Krug
Naphaswan Brownlee
Pierre-Alexis Zhang
Naomi Lush
Olga Brize
Sarolta Coughlin
Bashir Krovyakov
Ava Rusakova
Ignisious Hijgenaar
Monika Hwang
Elena Coster
Johana Carman
Gael Mushkiyev
Kellie Leon
Jong Dunlop-Barrett
Alix Dziamidava
Kate Scheuber
Danielle Edlund
Kelly Kulish
Wenjun Juszczak
Belal Knowles
Susan Weidlinger
Adrienne Buntic
Toni Karpova
Bastian Beadsworth
Sergey Barachet
Lisbeth Alptekin
Robert Toumi
Angela Belmonte
Nicholas Nechita
Anton Langehanenberg
Citra Comba
Sergey Marco
Concepcion Vasilevskis
Marios Gelpi
Julian Hjelmer
Will Mehmedovic
Deniz Kowalska
Erica Velez
Julian Lie
Amber Mattsson
Lucie Yang
Sheng Romdhane
Roland Madaj
Ingrid Fogarty
Maksim Culley
Stefano Moniqui
Navab Povh
Jan-Di Kazlou
Claudia Butkevych
Ming-Huang Araujo
Mehdi Kovalenko
Automne Driel
Alberto Pedersen
Zengyu Driel
Sebastian Yonemoto
Kozue Martinez
Luis Gascon
Daniel Herman
Yadira Psarra
Mercy Pietrzak
Caitlin Carli
Ryan Adams
Donggeun Guion-Firmin
Gabrielle Raudaschl
Thomas Magi
Daigoro Johansson
Mareme Mihelic
Linus Tran
Emmanuel Hornsey
Andrew Ruciak
Alexandre Smedins
Denis Matsenjwa
Stephanie Adlington
Gonzalo Nunes
Braian Haydar
Zara Luvsanlundeg
Josefin QUINTERO
Chen Moulinet
Alexandre Sawers
Justin Mandir
Inna Yu
Kacper Phillips
Iuliana Costa
Endurance Emmanuel
Dmitrii Cureton
Colin Vila
Wei White
Daisuke Saranovic
Shaunae Hallgrimsson
Tetyana Kvyatkovskyy
Aziz Chaabane
Maynor Lemos
Vincent Jagar
Moritz Dibaba
Deron Tarasova
Nikolay Ahmed
Dorian Sauer
Marvin Rice
Samantha Grankin
Irakli Dinu
Jeremy Bowers
Derek Kazanin
Pedro Oliveira
Chunlei Balazs
Aya Levina
Maria Sheikhau
Zhongrong Stacchiotti
Isiah Murabito
Andrew Monteiro
Ayako Coetzee
Jade Jallouz
Veronika Wruck
Katerina Saenz
Sara Knowles
Julen Fogarty
James Takase
Emilie Jaeger
Luca Melendez
Jonas Ukumanov
Norma Anderson
Ludwig Trias
Matthias Ekimov
Beth Mazuryk
Radoslaw Licona
Dariya Kalentieva
Petr Smith
Nelcy Korshunov
Omar Aguirregaray
Boon Cortes
Gonzalo Pacheco
Aya Thunebro
Konstantinos Milanovic-Litre
Yugo Sesum
Reine Arteaga
Jur Gebremeskel
Yahima Gojkovic
Alexander Jiang
Sonja Tinsley
Ricardo Jones
Abraham Benitez
Gia Mogawane
Suzanne Warburton
Niverka Junior
Mateusz Yi
Aron Pilhofer
Xin Cuddihy
Olga Jon
Hortance McGlinchey
Marcel Petersen
Daniel Basalaj
Darrel Yamane
Mercy Verlinden
Juan Kim
Collis Freimuth
Anis Boninfante
Gabrio Dowabobo
Wilson Sauvage
Yu Moradi
Aleksandr Pendrel
Ser-Od Szasz
Trey Kirkham
Juliane Yanit
Sycerika Rabetsara
Daria Schmid
Hovhannes Piccinini
Danylo Aguiar
Sebastian Sorribes
Mandy Hinestroza
Margaux Knox
Lisa Yamamoto
Nick Burrows
Levan Ingram
Sanya Dreesens
Yun Luo
Megan Angelov
Xiaoyu Yang
Yi Gretchichnikova
Peter Wagner
Nagisa Leroy
Hung Mutlu
Jinjie Meeuw
Ponloeu Inthavong
Rodrigo Surgeloose
Marvin Peltier
Mingjuan Birgmark
Rizlen Errigo
Duhaeng Agren
Ari-Pekka Wei
Saheed Durkovic
Sarah Male
Beatriz Smock
Arsen Monya
Drasko Choi
Marcel Sigurdsson
Ilaria Hu
Hamdan Zabelinskaya
Radmila Nibali
Janin Aramburu
Suzana Teutenberg
Natalia Child
Maria Ro
Anabel Kal
Adnan Brendel
Zachary Podryadova
Xiaojun Hachlaf
Elisabeth Worthington
Myungshin Forgesson
Katerina Wang
Marcin Pechanova
Andrea Wenger
Anabel Dominguez
Pauline Ayim
Igor Kasa
Artem Tops-Alexander
Satoko Tegenkamp
Miho Franco
Raissa Araya
Sholpan Draudvila
Hiram Blume
Line Naylor
Iryna Malcolm
Maiko Zhang
Silviya Cesarini
Amaka Mathlouthi
Magdalena Siladi
Roman Ledaki
Cian Purnell
Kurt Multerer
Tassia Cejas
Myung Kim
Alexandra Jokinen
Stefan Webster
Jemma Gabriele
Alberto Fiakaifonu
Mateusz Metu
joyce@Joyces-MacBook-Pro memberships % grep "Jianbo Megannem"
^C
joyce@Joyces-MacBook-Pro memberships % cd ..
joyce@Joyces-MacBook-Pro mystery % cd ..
joyce@Joyces-MacBook-Pro command-line-murder-mystery % cat hint9
cat: hint9: No such file or directory
joyce@Joyces-MacBook-Pro command-line-murder-mystery % cd memberships
cd: no such file or directory: memberships
joyce@Joyces-MacBook-Pro command-line-murder-mystery % cd mystery 
joyce@Joyces-MacBook-Pro mystery % cd memberships 
joyce@Joyces-MacBook-Pro memberships % grep "Norbert Feldwehr"
^C
joyce@Joyces-MacBook-Pro memberships % cat Museum_of_Bash_History AAA Delta_Skymiles library | grep "Jianbo Megannem"
cat: library: No such file or directory
Jianbo Megannem
joyce@Joyces-MacBook-Pro memberships %   cat Museum_of_Bash_History AAA Delta_Skymiles library | "Alexandra Jokinen"

zsh: command not found: Alexandra Jokinen
joyce@Joyces-MacBook-Pro memberships %  cat Museum_of_Bash_History AAA Delta_Skymiles library | grep "Alexandra Jokinen"
cat: library: No such file or directory
Alexandra Jokinen
joyce@Joyces-MacBook-Pro memberships % cd ..
joyce@Joyces-MacBook-Pro mystery % cd ..
joyce@Joyces-MacBook-Pro command-line-murder-mystery % history
  376  cat Museum_of_Bash_History AAA Delta_Skymiles | grep "Alexandra Jokinen" 
  377   cat Museum_of_Bash_History AAA Delta_Skymiles | grep "Jianbo Megannem" 
  378  cat Museum_of_Bash_History AAA Delta_Skymiles 
  379  grep "Jianbo Megannem"
  380  cd ..
  381  cd ..
  382  cat hint9
  383  cd memberships
  384  cd mystery
  385  cd memberships
  386  grep "Norbert Feldwehr"
  387  cat Museum_of_Bash_History AAA Delta_Skymiles library | grep "Jianbo Megannem"
  388    cat Museum_of_Bash_History AAA Delta_Skymiles library | "Alexandra Jokinen"\n
  389   cat Museum_of_Bash_History AAA Delta_Skymiles library | grep "Alexandra Jokinen"
  390  cd ..
  391  cd ..
joyce@Joyces-MacBook-Pro command-line-murder-mystery % cd mystery 
joyce@Joyces-MacBook-Pro mystery % history
  378  cat Museum_of_Bash_History AAA Delta_Skymiles 
  379  grep "Jianbo Megannem"
  380  cd ..
  381  cd ..
  382  cat hint9
  383  cd memberships
  384  cd mystery
  385  cd memberships
  386  grep "Norbert Feldwehr"
  387  cat Museum_of_Bash_History AAA Delta_Skymiles library | grep "Jianbo Megannem"
  388    cat Museum_of_Bash_History AAA Delta_Skymiles library | "Alexandra Jokinen"\n
  389   cat Museum_of_Bash_History AAA Delta_Skymiles library | grep "Alexandra Jokinen"
  390  cd ..
  391  cd ..
  392  history
  393  cd mystery
joyce@Joyces-MacBook-Pro mystery % cd ..
joyce@Joyces-MacBook-Pro command-line-murder-mystery % cd ..
joyce@Joyces-MacBook-Pro morning % history
  381  cd ..
  382  cat hint9
  383  cd memberships
  384  cd mystery
  385  cd memberships
  386  grep "Norbert Feldwehr"
  387  cat Museum_of_Bash_History AAA Delta_Skymiles library | grep "Jianbo Megannem"
  388    cat Museum_of_Bash_History AAA Delta_Skymiles library | "Alexandra Jokinen"\n
  389   cat Museum_of_Bash_History AAA Delta_Skymiles library | grep "Alexandra Jokinen"
  390  cd ..
  391  cd ..
  392  history
  393  cd mystery
  394  history
  395  cd ..
  396  cd ..
joyce@Joyces-MacBook-Pro morning % history
  382  cat hint9
  383  cd memberships
  384  cd mystery
  385  cd memberships
  386  grep "Norbert Feldwehr"
  387  cat Museum_of_Bash_History AAA Delta_Skymiles library | grep "Jianbo Megannem"
  388    cat Museum_of_Bash_History AAA Delta_Skymiles library | "Alexandra Jokinen"\n
  389   cat Museum_of_Bash_History AAA Delta_Skymiles library | grep "Alexandra Jokinen"
  390  cd ..
  391  cd ..
  392  history
  393  cd mystery
  394  history
  395  cd ..
  396  cd ..
  397  history
joyce@Joyces-MacBook-Pro morning % cat history
cat: history: No such file or directory
joyce@Joyces-MacBook-Pro morning % cd command-line-murder-mystery 
joyce@Joyces-MacBook-Pro command-line-murder-mystery % cat history
cat: history: No such file or directory
joyce@Joyces-MacBook-Pro command-line-murder-mystery % history
  386  grep "Norbert Feldwehr"
  387  cat Museum_of_Bash_History AAA Delta_Skymiles library | grep "Jianbo Megannem"
  388    cat Museum_of_Bash_History AAA Delta_Skymiles library | "Alexandra Jokinen"\n
  389   cat Museum_of_Bash_History AAA Delta_Skymiles library | grep "Alexandra Jokinen"
  390  cd ..
  391  cd ..
  392  history
  393  cd mystery
  394  history
  395  cd ..
  396  cd ..
  397  history
  398  history
  399  cat history
  400  cd command-line-murder-mystery
  401  cat history
joyce@Joyces-MacBook-Pro command-line-murder-mystery % cd member
cd: no such file or directory: member
joyce@Joyces-MacBook-Pro command-line-murder-mystery % cd mystery 
joyce@Joyces-MacBook-Pro mystery % cd memberships 
joyce@Joyces-MacBook-Pro memberships % grep "Alexandra Jokinen"
^C
joyce@Joyces-MacBook-Pro memberships % 
